{
'paper.js:src/anim/Tween.js':[
353,
],
'paper.js:src/load.js':[
27,
],
'paper.js:src/view/View.js':[
1083,
],
}
