{
'paper.js:src/basic/Line.js':[
176,
],
'paper.js:src/basic/Matrix.js':[
709,
],
'paper.js:src/path/CompoundPath.js':[
139,
],
'paper.js:src/path/Curve.js':[
101,
],
'paper.js:src/path/Path.js':[
1824,
],
'paper.js:src/path/PathFitter.js':[
139,
],
'paper.js:src/path/Segment.js':[
429,
],
'paper.js:src/view/View.js':[
694,
],
}
