{
"searchkit:docs/src/pages/index.js": [
102,
192
],
"searchkit:examples/next/components/geosearch-examples/Input.jsx": [
35
]
}
