{
'mootools-core:Grunt/options/build.js':[
10,
15,
16,
20,
23,
27,
30,
31,
35,
39,
41,
44,
45,
51,
54,
59,
62,
67,
70,
71,
75,
78,
81,
82,
83,
],
'mootools-core:Grunt/options/dist.js':[
12,
17,
18,
22,
23,
27,
28,
32,
33,
34,
38,
39,
45,
48,
53,
56,
61,
64,
65,
70,
71,
75,
76,
77,
78,
],
'mootools-core:Grunt/options/options.js':[
22,
24,
25,
33,
34,
38,
39,
45,
46,
50,
51,
52,
],
'mootools-core:Grunt/options/specs.js':[
9,
15,
18,
23,
26,
31,
34,
35,
36,
],
'mootools-core:Grunt/plugins/eslint/rules/mootools-indent.js':[
75,
76,
99,
123,
141,
146,
157,
162,
178,
185,
263,
281,
558,
730,
739,
742,
743,
744,
750,
753,
759,
762,
765,
766,
767,
768,
770,
771,
],
'mootools-core:Grunt/plugins/eslint/rules/mootools-whitespace.js':[
8,
23,
39,
],
'mootools-core:Grunt/plugins/karma/syn/index.js':[
21,
],
'mootools-core:Grunt/plugins/karma/syn/lib/syn.js':[
18,
23,
27,
31,
35,
39,
43,
47,
51,
55,
59,
62,
66,
71,
72,
78,
83,
88,
93,
97,
102,
107,
111,
116,
120,
124,
127,
131,
136,
137,
143,
148,
152,
156,
160,
164,
168,
172,
177,
181,
185,
188,
192,
197,
198,
204,
209,
214,
218,
223,
228,
233,
237,
241,
246,
251,
257,
262,
263,
264,
272,
276,
280,
281,
286,
290,
294,
295,
296,
302,
306,
307,
312,
316,
320,
321,
322,
327,
330,
333,
334,
338,
341,
344,
345,
346,
352,
356,
360,
361,
366,
370,
374,
375,
376,
382,
386,
390,
391,
396,
400,
404,
405,
406,
407,
460,
532,
538,
554,
571,
585,
592,
599,
612,
635,
764,
789,
794,
809,
836,
844,
1059,
1101,
1174,
1431,
1432,
1441,
1451,
1458,
1465,
1479,
1506,
1507,
1514,
1669,
1856,
1883,
1913,
1970,
1979,
1980,
2086,
2349,
2507,
2523,
2535,
2542,
2608,
2639,
2640,
2680,
2749,
2944,
],
'mootools-core:Grunt/tasks/tasks.js':[
9,
14,
],
'mootools-core:Gruntfile.js':[
12,
18,
24,
32,
33,
39,
43,
44,
45,
],
'mootools-core:Source/Browser/Browser.js':[
47,
62,
64,
80,
129,
130,
168,
],
'mootools-core:Source/Class/Class.Extras.js':[
35,
103,
117,
],
'mootools-core:Source/Class/Class.Thenable.js':[
67,
79,
98,
131,
],
'mootools-core:Source/Class/Class.js':[
113,
],
'mootools-core:Source/Core/Core.js':[
27,
166,
250,
288,
291,
293,
295,
297,
301,
339,
362,
420,
466,
],
'mootools-core:Source/Element/Element.Delegation.js':[
33,
37,
41,
45,
46,
86,
101,
109,
167,
195,
201,
],
'mootools-core:Source/Element/Element.Dimensions.js':[
140,
182,
200,
210,
216,
248,
320,
],
'mootools-core:Source/Element/Element.Event.js':[
127,
142,
147,
148,
164,
169,
183,
],
'mootools-core:Source/Element/Element.Style.js':[
199,
210,
224,
237,
],
'mootools-core:Source/Element/Element.js':[
76,
97,
177,
256,
306,
320,
336,
348,
413,
425,
456,
506,
545,
583,
616,
877,
889,
983,
1020,
1055,
1063,
1079,
1121,
1176,
1192,
],
'mootools-core:Source/Fx/Fx.CSS.js':[
130,
150,
158,
168,
169,
],
'mootools-core:Source/Fx/Fx.Morph.js':[
48,
66,
75,
],
'mootools-core:Source/Fx/Fx.Transitions.js':[
31,
47,
55,
105,
],
'mootools-core:Source/Fx/Fx.Tween.js':[
41,
59,
124,
],
'mootools-core:Source/Fx/Fx.js':[
34,
149,
],
'mootools-core:Source/Request/Request.HTML.js':[
27,
28,
59,
78,
87,
],
'mootools-core:Source/Request/Request.JSON.js':[
23,
30,
48,
],
'mootools-core:Source/Request/Request.js':[
43,
56,
245,
253,
274,
279,
289,
],
'mootools-core:Source/Slick/Slick.Finder.js':[
743,
856,
891,
],
'mootools-core:Source/Slick/Slick.Parser.js':[
32,
103,
126,
158,
169,
210,
],
'mootools-core:Source/Types/Array.js':[
167,
],
'mootools-core:Source/Types/DOMEvent.js':[
59,
63,
106,
120,
],
'mootools-core:Source/Types/Function.js':[
26,
75,
120,
],
'mootools-core:Source/Types/Number.js':[
38,
],
'mootools-core:Source/Types/Object.js':[
116,
202,
],
'mootools-core:Source/Types/String.js':[
82,
],
'mootools-core:Source/Utilities/Cookie.js':[
31,
62,
],
'mootools-core:Source/Utilities/DOMReady.js':[
84,
99,
],
'mootools-core:Source/Utilities/JSON.js':[
25,
],
'mootools-core:Specs/Browser/Browser.js':[
115,
116,
123,
124,
131,
132,
139,
140,
147,
148,
155,
156,
163,
164,
171,
172,
179,
180,
187,
188,
195,
196,
203,
204,
211,
212,
219,
220,
227,
228,
236,
237,
238,
],
'mootools-core:Specs/Class/Class.Extras.js':[
15,
179,
223,
295,
300,
328,
333,
345,
366,
],
'mootools-core:Specs/Class/Class.Thenable.js':[
15,
54,
56,
249,
272,
],
'mootools-core:Specs/Class/Class.js':[
27,
47,
63,
75,
87,
133,
145,
160,
168,
179,
187,
198,
207,
222,
236,
263,
273,
293,
303,
317,
],
'mootools-core:Specs/Core/Core.js':[
442,
448,
452,
459,
468,
473,
486,
511,
516,
714,
724,
732,
742,
771,
775,
777,
824,
],
'mootools-core:Specs/Core/Native.js':[
18,
28,
38,
48,
],
'mootools-core:Specs/Core/Type.js':[
21,
35,
],
'mootools-core:Specs/Element/Element.Delegation.js':[
57,
],
'mootools-core:Specs/Element/Element.Dimensions.js':[
28,
29,
43,
44,
58,
59,
70,
71,
78,
79,
101,
102,
107,
108,
113,
114,
119,
120,
125,
126,
131,
132,
136,
137,
141,
142,
146,
147,
151,
152,
157,
158,
163,
164,
207,
208,
217,
218,
267,
271,
],
'mootools-core:Specs/Element/Element.Event.js':[
38,
82,
164,
167,
168,
185,
191,
192,
286,
309,
318,
327,
382,
],
'mootools-core:Specs/Element/Element.Style.js':[
145,
156,
199,
210,
258,
259,
265,
266,
312,
313,
329,
340,
],
'mootools-core:Specs/Element/Element.js':[
93,
102,
239,
348,
601,
702,
802,
977,
1012,
1027,
1042,
1069,
1186,
1188,
1203,
1214,
1243,
1615,
1630,
1701,
1714,
1716,
1785,
1800,
1801,
1819,
1900,
1930,
1935,
1951,
1956,
2036,
2120,
2178,
2191,
2202,
2213,
2310,
2331,
2372,
2373,
2467,
2495,
2521,
2531,
2541,
2552,
2563,
2593,
2642,
2650,
2657,
2665,
],
'mootools-core:Specs/Fx/Fx.Morph.js':[
23,
42,
43,
47,
52,
66,
87,
90,
102,
105,
108,
],
'mootools-core:Specs/Fx/Fx.Tween.js':[
23,
24,
29,
43,
46,
47,
58,
62,
84,
100,
104,
119,
128,
129,
],
'mootools-core:Specs/Fx/Fx.js':[
31,
53,
68,
72,
84,
88,
116,
133,
144,
166,
],
'mootools-core:Specs/Request/Request.HTML.js':[
30,
54,
56,
78,
80,
109,
131,
159,
181,
203,
223,
229,
],
'mootools-core:Specs/Request/Request.JSON.js':[
30,
32,
48,
50,
],
'mootools-core:Specs/Request/Request.js':[
30,
32,
47,
63,
81,
84,
102,
105,
111,
130,
132,
144,
154,
221,
232,
241,
],
'mootools-core:Specs/Types/Array.js':[
208,
216,
],
'mootools-core:Specs/Types/Number.js':[
125,
],
'mootools-core:Specs/Types/Object.js':[
24,
121,
],
'mootools-core:Specs/Utilities/Cookie.js':[
17,
31,
32,
],
'mootools-core:Specs/Utilities/JSON.js':[
25,
26,
27,
],
}
