{
'mootools-core:Source/Element/Element.Delegation.js':[
148,
186,
],
}
