{
"Ghost:core/client/app/components/gh-navitem-url-input.js": [
18
],
"Ghost:core/client/app/components/gh-profile-image.js": [
51
],
"Ghost:core/client/app/controllers/setup/three.js": [
45
],
"Ghost:core/client/app/models/user.js": [
67
],
"Ghost:core/client/app/utils/validator-extensions.js": [
8
],
"Ghost:core/client/app/validators/invite-user.js": [
9
],
"Ghost:core/client/app/validators/nav-item.js": [
10
],
"Ghost:core/client/app/validators/new-user.js": [
9
],
"Ghost:core/client/app/validators/post.js": [
9
],
"Ghost:core/client/app/validators/reset.js": [
10
],
"Ghost:core/client/app/validators/setting.js": [
8
],
"Ghost:core/client/app/validators/setup.js": [
9
],
"Ghost:core/client/app/validators/signin.js": [
10
],
"Ghost:core/client/app/validators/tag-settings.js": [
9
],
"Ghost:core/client/app/validators/user.js": [
14
],
"Ghost:core/client/tests/acceptance/authentication-test.js": [
38
],
"Ghost:core/client/tests/acceptance/posts/post-test.js": [
28
],
"Ghost:core/client/tests/acceptance/settings/navigation-test.js": [
35
],
"Ghost:core/client/tests/acceptance/settings/tags-test.js": [
67
],
"Ghost:core/client/tests/acceptance/setup-test.js": [
27
],
"Ghost:core/client/tests/acceptance/team-test.js": [
37
]
}
