{
'console:src/utils/__tests__/graphql.ts':[
70,
],
'console:src/utils/__tests__/nameValidator.ts':[
80,
123,
],
'console:src/utils/__tests__/valueparser.ts':[
50,
59,
68,
104,
122,
131,
185,
267,
323,
359,
368,
377,
],
'console:src/views/models/DatabrowserView/Cell/StringCell.tsx':[
74,
],
'console:src/views/models/FieldPopup/Constraints.tsx':[
310,
],
'console:src/views/PermissionsView/PermissionPopup/ast.ts':[
71,
],
'console:src/views/RelationsPopup/SetMutation.tsx':[
276,
],
'console:src/views/Settings/PricingColumn.tsx':[
252,
313,
328,
]
}