{
'console:src/actions/databrowser/data.ts':[
86,
181,
302,
],
'console:src/components/Links.tsx':[
21,
],
'console:src/utils/valueparser.ts':[
120,
],
'console:src/views/FunctionsView/FunctionPopup/FunctionPopup.tsx':[
144,
],
'console:src/views/models/AuthProviderPopup/AuthProviderSidePanel.tsx':[
72,
],
'console:src/views/models/FieldPopup/ConfirmFieldPopup.tsx':[
30,
],
'console:src/views/models/FieldPopup/FieldPopupFooter.tsx':[
42,
],
'console:src/views/models/utils.ts':[
118,
],
'console:src/views/RelationsPopup/BreakingChangeIndicator.tsx':[
19,
],
'console:src/views/RelationsPopup/FieldNameInput.tsx':[
31,
],
'console:src/views/RelationsPopup/RelationPopup.tsx':[
102,
],
'console:src/views/SchemaView/SchemaOverview/TypeBox.tsx':[
79,
],
'console:src/views/Settings/Billing/Billing.tsx':[
81,
],
'console:src/views/Settings/General/ProjectInfo.tsx':[
57,
]
}