{
'jshint:tests/unit/fixtures/curly.js':[
7,
],
'jshint:tests/unit/fixtures/curly2.js':[
9,
],
'jshint:tests/unit/fixtures/gh1227.js':[
14,
],
'jshint:tests/unit/fixtures/loopfunc.js':[
7,
11,
15,
19,
29,
33,
37,
41,
],
'jshint:tests/unit/fixtures/return.js':[
39,
],
'jshint:tests/unit/fixtures/scope.js':[
19,
],
}
