{
'jshint:tests/unit/fixtures/boss.js':[
31,
66,
],
'jshint:tests/unit/fixtures/default-arguments.js':[
18,
],
'jshint:tests/unit/fixtures/gh988.js':[
14,
16,
16,
],
'jshint:tests/unit/fixtures/immed.js':[
17,
],
'jshint:tests/unit/fixtures/loopfunc.js':[
42,
42,
42,
],
'jshint:tests/unit/fixtures/unused.js':[
6,
28,
28,
28,
70,
],
}
