{
'vscode:build/lib/optimize.ts':[
235,
320,
],
'vscode:build/lib/reporter.ts':[
100,
],
'vscode:build/lib/util.ts':[
226,
],
'vscode:extensions/html/server/src/modes/cssMode.ts':[
66,
],
'vscode:extensions/html/server/src/modes/embeddedSupport.ts':[
25,
],
'vscode:extensions/html/server/src/modes/formatting.ts':[
76,
],
'vscode:extensions/html/server/src/modes/htmlMode.ts':[
54,
],
'vscode:extensions/html/server/src/modes/javascriptMode.ts':[
167,
180,
287,
],
'vscode:extensions/html/server/src/modes/languageModes.ts':[
71,
],
'vscode:extensions/javascript/src/features/bowerJSONContribution.ts':[
138,
],
'vscode:extensions/javascript/src/features/packageJSONContribution.ts':[
178,
],
'vscode:extensions/json/server/src/utils/uri.ts':[
313,
],
'vscode:extensions/vscode-api-tests/src/languages.test.ts':[
24,
],
'vscode:src/vs/base/browser/keyboardEvent.ts':[
166,
],
'vscode:src/vs/base/common/uri.ts':[
372,
],
'vscode:src/vs/base/node/event.ts':[
18,
],
'vscode:src/vs/base/parts/ipc/test/node/testService.ts':[
64,
97,
],
'vscode:src/vs/base/parts/tree/test/browser/treeModel.test.ts':[
1763,
],
'vscode:src/vs/base/test/common/types.test.ts':[
187,
],
'vscode:src/vs/code/electron-main/window.ts':[
470,
805,
819,
],
'vscode:src/vs/editor/browser/controller/pointerHandler.ts':[
31,
],
'vscode:src/vs/editor/common/controller/coreCommands.ts':[
115,
225,
1398,
],
'vscode:src/vs/editor/common/controller/cursorMoveCommands.ts':[
592,
675,
694,
702,
],
'vscode:src/vs/editor/common/editorContextKeys.ts':[
45,
],
'vscode:src/vs/editor/common/view/minimapCharRenderer.ts':[
256,
328,
],
'vscode:src/vs/editor/contrib/folding/browser/folding.ts':[
445,
738,
],
'vscode:src/vs/editor/contrib/snippet/test/browser/snippetController2.old.test.ts':[
43,
],
'vscode:src/vs/editor/contrib/snippet/test/common/snippetController.test.ts':[
36,
],
'vscode:src/vs/editor/test/common/mocks/mockCodeEditor.ts':[
28,
],
'vscode:src/vs/editor/test/common/model/textModelSearch.test.ts':[
30,
],
'vscode:src/vs/platform/configuration/common/configurationRegistry.ts':[
208,
],
'vscode:src/vs/platform/configuration/common/model.ts':[
56,
],
'vscode:src/vs/platform/update/common/updateIpc.ts':[
62,
],
'vscode:src/vs/workbench/api/electron-browser/mainThreadEditor.ts':[
257,
],
'vscode:src/vs/workbench/api/node/extHost.protocol.ts':[
255,
413,
],
'vscode:src/vs/workbench/api/node/extHostTask.ts':[
403,
],
'vscode:src/vs/workbench/api/node/extHostTypeConverters.ts':[
345,
],
'vscode:src/vs/workbench/browser/parts/editor/tabsTitleControl.ts':[
275,
276,
],
'vscode:src/vs/workbench/node/extensionPoints.ts':[
227,
],
'vscode:src/vs/workbench/parts/debug/common/debug.ts':[
286,
],
'vscode:src/vs/workbench/parts/debug/electron-browser/debugService.ts':[
65,
],
'vscode:src/vs/workbench/parts/debug/electron-browser/debugViewer.ts':[
1023,
1168,
],
'vscode:src/vs/workbench/parts/debug/electron-browser/rawDebugSession.ts':[
281,
],
'vscode:src/vs/workbench/parts/debug/node/debugAdapter.ts':[
165,
],
'vscode:src/vs/workbench/parts/explorers/browser/treeExplorerService.ts':[
25,
],
'vscode:src/vs/workbench/parts/files/browser/fileCommands.ts':[
158,
173,
190,
208,
224,
],
'vscode:src/vs/workbench/parts/preferences/browser/preferencesRenderers.ts':[
113,
339,
],
'vscode:src/vs/workbench/parts/preferences/common/keybindingsEditorModel.ts':[
291,
],
'vscode:src/vs/workbench/parts/search/browser/searchActions.ts':[
378,
],
'vscode:src/vs/workbench/parts/tasks/common/taskConfiguration.ts':[
1004,
],
'vscode:src/vs/workbench/parts/tasks/electron-browser/task.contribution.ts':[
124,
656,
],
'vscode:src/vs/workbench/parts/tasks/electron-browser/terminalTaskSystem.ts':[
177,
],
'vscode:src/vs/workbench/parts/terminal/electron-browser/terminalLinkHandler.ts':[
302,
],
'vscode:src/vs/workbench/parts/terminal/electron-browser/terminalService.ts':[
32,
],
'vscode:src/vs/workbench/parts/terminal/test/electron-browser/terminalLinkHandler.test.ts':[
34,
],
'vscode:src/vs/workbench/parts/welcome/page/electron-browser/welcomePage.ts':[
227,
],
'vscode:src/vs/workbench/services/configuration/node/configurationEditingService.ts':[
176,
183,
],
'vscode:src/vs/workbench/services/files/test/node/watcher.test.ts':[
47,
],
'vscode:src/vs/workbench/services/search/node/fileSearch.ts':[
406,
],
'vscode:src/vs/workbench/services/themes/electron-browser/workbenchThemeService.ts':[
307,
468,
],
'vscode:src/vs/workbench/services/timer/node/timerService.ts':[
44,
],
'vscode:src/vs/workbench/services/viewlet/browser/viewletService.ts':[
28,
29,
],
'vscode:src/vs/workbench/test/electron-browser/api/extHostConfiguration.test.ts':[
23,
],
'vscode:src/vs/workbench/test/electron-browser/api/extHostDiagnostics.test.ts':[
26,
37,
],
'vscode:src/vs/workbench/test/electron-browser/quickopen.perf.integrationTest.ts':[
185,
],
'vscode:src/vs/workbench/test/electron-browser/textsearch.perf.integrationTest.ts':[
174,
],
'vscode:src/vs/workbench/test/workbenchTestServices.ts':[
770,
],
}
