{
'vscode:build/lib/tslint/noUnexternalizedStringsRule.ts':[
165,
],
'vscode:extensions/markdown/src/extension.ts':[
205,
],
'vscode:extensions/markdown/src/previewContentProvider.ts':[
87,
],
'vscode:extensions/typescript/src/typescriptServiceClient.ts':[
440,
520,
537,
],
'vscode:src/vs/base/browser/builder.ts':[
1939,
],
'vscode:src/vs/base/browser/mouseEvent.ts':[
182,
190,
],
'vscode:src/vs/base/common/diff/diff.ts':[
633,
719,
],
'vscode:src/vs/base/common/mime.ts':[
158,
168,
169,
],
'vscode:src/vs/base/common/paths.ts':[
209,
],
'vscode:src/vs/base/common/worker/simpleWorker.ts':[
343,
],
'vscode:src/vs/base/parts/quickopen/browser/quickOpenWidget.ts':[
663,
734,
],
'vscode:src/vs/base/parts/tree/browser/treeDefaults.ts':[
268,
],
'vscode:src/vs/code/electron-main/storage.ts':[
52,
],
'vscode:src/vs/editor/browser/controller/mouseTarget.ts':[
625,
],
'vscode:src/vs/editor/browser/controller/textAreaState.ts':[
145,
167,
],
'vscode:src/vs/editor/browser/viewParts/lines/rangeUtil.ts':[
126,
],
'vscode:src/vs/editor/browser/viewParts/minimap/minimap.ts':[
204,
211,
],
'vscode:src/vs/editor/browser/widget/diffEditorWidget.ts':[
491,
500,
508,
],
'vscode:src/vs/editor/common/commands/shiftCommand.ts':[
76,
],
'vscode:src/vs/editor/common/controller/cursorWordOperations.ts':[
104,
160,
196,
229,
],
'vscode:src/vs/editor/common/model/modelLine.ts':[
251,
],
'vscode:src/vs/editor/common/modes/monarch/monarchCompile.ts':[
34,
262,
],
'vscode:src/vs/editor/common/services/modelServiceImpl.ts':[
336,
],
'vscode:src/vs/editor/common/viewLayout/linesLayout.ts':[
312,
317,
],
'vscode:src/vs/editor/common/viewModel/viewModelDecorations.ts':[
168,
179,
],
'vscode:src/vs/editor/contrib/diffNavigator/common/diffNavigator.ts':[
99,
],
'vscode:src/vs/editor/contrib/find/browser/findWidget.ts':[
159,
501,
567,
],
'vscode:src/vs/editor/contrib/find/common/findModel.ts':[
166,
],
'vscode:src/vs/editor/contrib/find/common/findState.ts':[
127,
158,
165,
172,
179,
186,
193,
200,
207,
],
'vscode:src/vs/editor/contrib/folding/common/foldingModel.ts':[
184,
],
'vscode:src/vs/editor/contrib/hover/browser/hoverOperation.ts':[
179,
],
'vscode:src/vs/editor/contrib/linesOperations/common/copyLinesCommand.ts':[
42,
],
'vscode:src/vs/editor/contrib/referenceSearch/browser/referencesWidget.ts':[
763,
],
'vscode:src/vs/editor/contrib/smartSelect/common/smartSelect.ts':[
73,
],
'vscode:src/vs/editor/contrib/snippet/common/snippet.ts':[
81,
],
'vscode:src/vs/editor/contrib/wordHighlighter/common/wordHighlighter.ts':[
195,
],
'vscode:src/vs/editor/electron-browser/textMate/TMHelper.ts':[
45,
],
'vscode:src/vs/editor/node/model/modelBuilder.ts':[
34,
],
'vscode:src/vs/editor/test/common/model/textModelWithTokens.test.ts':[
94,
120,
],
'vscode:src/vs/platform/extensions/node/extensionValidator.ts':[
295,
],
'vscode:src/vs/platform/keybinding/common/abstractKeybindingService.ts':[
145,
],
'vscode:src/vs/platform/keybinding/common/keybindingsRegistry.ts':[
195,
],
'vscode:src/vs/platform/markers/common/problemMatcher.ts':[
712,
],
'vscode:src/vs/workbench/api/electron-browser/mainThreadExtensionService.ts':[
97,
],
'vscode:src/vs/workbench/api/electron-browser/mainThreadHeapService.ts':[
97,
],
'vscode:src/vs/workbench/api/node/extHostTextEditor.ts':[
292,
300,
],
'vscode:src/vs/workbench/browser/parts/editor/editorGroupsControl.ts':[
491,
785,
1287,
],
'vscode:src/vs/workbench/browser/parts/editor/editorStatus.ts':[
149,
156,
163,
170,
177,
184,
191,
],
'vscode:src/vs/workbench/browser/parts/editor/textEditor.ts':[
171,
],
'vscode:src/vs/workbench/common/editor/rangeDecorations.ts':[
59,
],
'vscode:src/vs/workbench/common/editor/untitledEditorInput.ts':[
133,
],
'vscode:src/vs/workbench/electron-browser/actions.ts':[
432,
820,
],
'vscode:src/vs/workbench/parts/backup/common/backupModelTracker.ts':[
73,
],
'vscode:src/vs/workbench/parts/debug/electron-browser/debugConfigurationManager.ts':[
293,
],
'vscode:src/vs/workbench/parts/debug/electron-browser/debugEditorContribution.ts':[
181,
],
'vscode:src/vs/workbench/parts/extensions/browser/dependenciesViewer.ts':[
170,
],
'vscode:src/vs/workbench/parts/files/browser/explorerViewlet.ts':[
229,
],
'vscode:src/vs/workbench/parts/files/browser/fileActions.ts':[
1930,
],
'vscode:src/vs/workbench/parts/files/browser/views/explorerViewer.ts':[
655,
],
'vscode:src/vs/workbench/parts/files/browser/views/openEditorsViewer.ts':[
363,
],
'vscode:src/vs/workbench/parts/files/common/editors/fileEditorTracker.ts':[
172,
178,
276,
],
'vscode:src/vs/workbench/parts/files/common/explorerViewModel.ts':[
215,
],
'vscode:src/vs/workbench/parts/markers/browser/markersPanel.ts':[
376,
377,
],
'vscode:src/vs/workbench/parts/markers/common/markersModel.ts':[
309,
],
'vscode:src/vs/workbench/parts/preferences/browser/preferencesRenderers.ts':[
495,
],
'vscode:src/vs/workbench/parts/preferences/common/keybindingsEditorModel.ts':[
191,
],
'vscode:src/vs/workbench/parts/search/browser/searchActions.ts':[
500,
],
'vscode:src/vs/workbench/parts/search/browser/searchViewlet.ts':[
555,
1178,
],
'vscode:src/vs/workbench/parts/tasks/common/taskConfiguration.ts':[
696,
835,
1002,
],
'vscode:src/vs/workbench/parts/terminal/common/terminalService.ts':[
77,
],
'vscode:src/vs/workbench/parts/terminal/electron-browser/terminalPanel.ts':[
163,
],
'vscode:src/vs/workbench/services/files/node/fileService.ts':[
622,
],
'vscode:src/vs/workbench/services/keybinding/common/keybindingEditing.ts':[
176,
],
'vscode:src/vs/workbench/services/keybinding/common/macLinuxKeyboardMapper.ts':[
755,
1086,
],
'vscode:src/vs/workbench/services/keybinding/common/windowsKeyboardMapper.ts':[
366,
],
'vscode:src/vs/workbench/services/themes/electron-browser/workbenchThemeService.ts':[
945,
],
}
