{
'ant-design:components/tree/Tree.tsx':[
54,
],
}
