{
'Joust:ts/components/game/TwoPlayerGame.tsx':[
40,
58,
],
'Joust:ts/Launcher.tsx':[
434,
],
'Joust:ts/TexturePreloader.ts':[
26,
]
}