{
"ocanvas:build/lib/parse-js.js": [
143
],
"ocanvas:build/lib/process.js": [
1179,
1182,
1285,
1286,
1287,
1295,
1380,
1446,
1448
],
"ocanvas:scripts/release.js": [
66,
73
],
"ocanvas:src/animation.js": [
280
],
"ocanvas:src/mouse.js": [
212
],
"ocanvas:src/style.js": [
134,
325,
330,
437,
672,
724
]
}
