{
'project:dojo-1.8.1/dijit/_editor/plugins/LinkDialog.js.uncompressed.js':[
192,
],
'project:dojo-1.8.1/dojox/editor/plugins/NormalizeIndentOutdent.js.uncompressed.js':[
744,
744,
],
'project:dojo-1.8.1/dojox/editor/plugins/NormalizeStyle.js.uncompressed.js':[
170,
188,
],
'project:dojo-1.8.1/dojox/xml/DomParser.js.uncompressed.js':[
216,
336,
347,
],
'project:google-closure-library/net/channelrequest.js':[
617,
],
'project:scriptaculous-1.9.0/effects.js':[
430,
],
'project:scriptaculous-1.9.0/sound.js':[
50,
],
}
