{
"TypeScript:scripts/mocha-parallel.js": [
249
]
}
