{
"vuetify:packages/docs/src/composables/codepen.ts": [
63,
67
],
"vuetify:packages/docs/src/util/routes.ts": [
18,
20
],
"vuetify:packages/vuetify/src/components/VSlider/VSlider.tsx": [
75
],
"vuetify:packages/vuetify/src/composables/group.ts": [
332
],
"vuetify:packages/vuetify/src/composables/proxiedModel.ts": [
24
],
"vuetify:packages/vuetify/src/composables/router.tsx": [
55
],
"vuetify:packages/vuetify/src/composables/validation.ts": [
115
],
"vuetify:packages/vuetify/src/util/getCurrentInstance.ts": [
10
]
}
