{
"it-tools:src/tools/ipv4-address-converter/ipv4-address-converter.service.ts": [
26
]
}
