{
"it-tools:src/utils/error.test.ts": [
10,
23
]
}
