{
"it-tools:src/tools/meta-tag-generator/og-schemas/index.ts": [
15,
16,
17
],
"it-tools:src/ui/c-diff-editor/c-diff-editor.vue": [
2
]
}
