{
'knockout:Gruntfile.js':[
169,
188,
189,
],
'knockout:build/knockout-raw.js':[
25,
],
'knockout:spec/asyncBehaviors.js':[
1181,
1190,
1193,
1196,
],
'knockout:spec/bindingPreprocessingBehaviors.js':[
11,
31,
50,
54,
71,
],
'knockout:spec/components/componentBindingBehaviors.js':[
602,
652,
],
'knockout:spec/defaultBindings/checkedBehaviors.js':[
237,
272,
293,
325,
327,
340,
363,
401,
431,
466,
],
'knockout:spec/defaultBindings/hasfocusBehaviors.js':[
9,
25,
50,
66,
87,
],
'knockout:spec/expressionRewritingBehaviors.js':[
117,
155,
161,
170,
180,
],
'knockout:spec/lib/innershiv.js':[
4,
19,
],
'knockout:spec/lib/jasmine-1.2.0/jasmine-html.js':[
96,
247,
254,
279,
285,
293,
529,
530,
547,
],
'knockout:spec/lib/jasmine-1.2.0/jasmine-tap.js':[
69,
81,
],
'knockout:spec/lib/jasmine-1.2.0/jasmine.js':[
162,
440,
675,
678,
760,
886,
891,
897,
1186,
1311,
1316,
1317,
1338,
1343,
1344,
1360,
1366,
1367,
1371,
1372,
1387,
1392,
1393,
1468,
1502,
1521,
1524,
1532,
1870,
1872,
1914,
2162,
2343,
2400,
2465,
2509,
],
'knockout:spec/lib/jasmine.extensions.js':[
109,
110,
119,
120,
142,
],
'knockout:spec/lib/json2.js':[
178,
218,
223,
307,
310,
346,
347,
468,
],
'knockout:spec/lib/loadDependencies.js':[
3,
],
'knockout:spec/parseHtmlFragment.js':[
38,
],
'knockout:spec/pureComputedBehaviors.js':[
322,
],
'knockout:spec/runner.node.js':[
23,
71,
],
'knockout:spec/templatingBehaviors.js':[
39,
57,
81,
883,
1071,
],
'knockout:src/binding/bindingAttributeSyntax.js':[
303,
510,
527,
],
'knockout:src/binding/bindingProvider.js':[
49,
68,
],
'knockout:src/binding/expressionRewriting.js':[
13,
35,
129,
134,
136,
151,
],
'knockout:src/components/componentBinding.js':[
56,
91,
],
'knockout:src/components/defaultLoader.js':[
21,
214,
],
'knockout:src/memoization.js':[
30,
36,
],
'knockout:src/tasks.js':[
47,
],
'knockout:src/templating/jquery.tmpl/jqueryTmplTemplateEngine.js':[
40,
57,
61,
],
'knockout:src/templating/templateRewriting.js':[
18,
33,
],
'knockout:src/utils.domManipulation.js':[
45,
],
'knockout:src/utils.js':[
53,
469,
470,
],
}
