{
'knockout:Gruntfile.js':[
21,
23,
24,
28,
32,
36,
40,
41,
89,
113,
],
'knockout:spec/arrayEditDetectionBehaviors.js':[
23,
36,
51,
72,
88,
],
'knockout:spec/asyncBehaviors.js':[
480,
489,
563,
581,
941,
950,
],
'knockout:spec/asyncBindingBehaviors.js':[
13,
108,
166,
190,
218,
],
'knockout:spec/bindingAttributeBehaviors.js':[
13,
30,
45,
66,
81,
113,
123,
145,
162,
189,
203,
223,
242,
296,
414,
458,
475,
492,
589,
594,
597,
],
'knockout:spec/bindingDependencyBehaviors.js':[
9,
28,
43,
84,
103,
113,
128,
133,
160,
163,
179,
195,
210,
213,
239,
262,
271,
301,
308,
421,
449,
476,
511,
],
'knockout:spec/bindingPreprocessingBehaviors.js':[
8,
22,
28,
45,
51,
66,
],
'knockout:spec/components/componentBindingBehaviors.js':[
99,
100,
124,
149,
171,
181,
201,
207,
227,
250,
258,
283,
291,
312,
318,
335,
343,
372,
377,
396,
417,
458,
463,
534,
539,
545,
546,
569,
570,
597,
643,
701,
725,
744,
852,
894,
899,
916,
937,
939,
961,
963,
983,
985,
],
'knockout:spec/components/customElementBehaviors.js':[
15,
33,
51,
138,
153,
166,
193,
222,
243,
264,
314,
373,
388,
392,
434,
437,
479,
481,
482,
496,
497,
528,
],
'knockout:spec/components/defaultLoaderBehaviors.js':[
83,
128,
134,
135,
186,
194,
220,
228,
414,
],
'knockout:spec/components/loaderRegistryBehaviors.js':[
15,
22,
29,
33,
40,
88,
99,
110,
132,
134,
156,
158,
174,
195,
277,
280,
],
'knockout:spec/crossWindowBehaviors.js':[
31,
43,
],
'knockout:spec/defaultBindings/attrBehaviors.js':[
21,
],
'knockout:spec/defaultBindings/checkedBehaviors.js':[
164,
230,
],
'knockout:spec/defaultBindings/clickBehaviors.js':[
12,
],
'knockout:spec/defaultBindings/eventBehaviors.js':[
24,
46,
58,
],
'knockout:spec/defaultBindings/foreachBehaviors.js':[
22,
67,
118,
147,
160,
236,
260,
386,
387,
408,
433,
434,
463,
464,
498,
594,
607,
656,
749,
843,
920,
],
'knockout:spec/defaultBindings/ifBehaviors.js':[
234,
],
'knockout:spec/defaultBindings/ifnotBehaviors.js':[
189,
],
'knockout:spec/defaultBindings/optionsBehaviors.js':[
22,
33,
43,
54,
64,
103,
117,
259,
],
'knockout:spec/defaultBindings/selectedOptionsBehaviors.js':[
161,
],
'knockout:spec/defaultBindings/textBehaviors.js':[
66,
71,
74,
],
'knockout:spec/defaultBindings/textInputBehaviors.js':[
67,
143,
],
'knockout:spec/defaultBindings/usingBehaviors.js':[
23,
86,
87,
88,
89,
],
'knockout:spec/defaultBindings/valueBehaviors.js':[
67,
123,
566,
722,
778,
],
'knockout:spec/defaultBindings/withBehaviors.js':[
65,
122,
123,
124,
125,
167,
168,
169,
170,
450,
564,
682,
],
'knockout:spec/dependentObservableBehaviors.js':[
41,
67,
87,
107,
122,
133,
381,
391,
639,
],
'knockout:spec/dependentObservableDomBehaviors.js':[
33,
51,
],
'knockout:spec/expressionRewritingBehaviors.js':[
29,
55,
114,
210,
225,
],
'knockout:spec/jsonPostingBehaviors.js':[
54,
],
'knockout:spec/lib/jasmine-1.2.0/jasmine-html.js':[
189,
337,
345,
562,
],
'knockout:spec/lib/jasmine-1.2.0/jasmine-tap.js':[
93,
],
'knockout:spec/lib/jasmine-1.2.0/jasmine.js':[
848,
868,
1062,
1095,
1123,
1124,
1130,
1201,
1317,
1344,
1367,
1372,
1393,
1617,
1667,
1680,
1736,
2254,
2512,
2530,
],
'knockout:spec/lib/json2.js':[
204,
],
'knockout:spec/lib/loadDependencies.js':[
14,
18,
29,
33,
34,
],
'knockout:spec/mappingHelperBehaviors.js':[
36,
37,
74,
96,
120,
135,
163,
],
'knockout:spec/nativeTemplateEngineBehaviors.js':[
96,
107,
146,
147,
191,
192,
193,
],
'knockout:spec/nodePreprocessingBehaviors.js':[
52,
113,
136,
],
'knockout:spec/observableArrayChangeTrackingBehaviors.js':[
16,
36,
52,
72,
81,
100,
108,
127,
128,
136,
137,
142,
150,
151,
156,
165,
166,
178,
179,
189,
190,
209,
210,
219,
220,
231,
232,
247,
248,
265,
274,
289,
328,
356,
371,
372,
459,
460,
469,
470,
500,
522,
543,
553,
],
'knockout:spec/observableBehaviors.js':[
34,
55,
306,
],
'knockout:spec/observableUtilsBehaviors.js':[
94,
],
'knockout:spec/onErrorBehaviors.js':[
59,
81,
],
'knockout:spec/parseHtmlFragment.js':[
30,
],
'knockout:spec/pureComputedBehaviors.js':[
19,
34,
],
'knockout:spec/runner.node.js':[
73,
],
'knockout:spec/subscribableBehaviors.js':[
36,
],
'knockout:spec/templatingBehaviors.js':[
21,
134,
168,
195,
277,
292,
307,
334,
346,
364,
431,
439,
443,
467,
471,
477,
502,
508,
521,
529,
531,
549,
552,
582,
686,
859,
863,
881,
973,
974,
986,
1018,
1029,
1039,
1040,
1041,
1059,
1086,
1158,
1170,
1185,
1199,
1210,
1224,
],
'knockout:src/binding/bindingAttributeSyntax.js':[
18,
257,
536,
],
'knockout:src/binding/bindingProvider.js':[
52,
],
'knockout:src/binding/defaultBindings/attr.js':[
44,
],
'knockout:src/binding/defaultBindings/checked.js':[
120,
127,
],
'knockout:src/binding/defaultBindings/css.js':[
8,
22,
],
'knockout:src/binding/defaultBindings/enableDisable.js':[
8,
14,
],
'knockout:src/binding/defaultBindings/event.js':[
12,
51,
],
'knockout:src/binding/defaultBindings/foreach.js':[
27,
36,
],
'knockout:src/binding/defaultBindings/hasfocus.js':[
58,
],
'knockout:src/binding/defaultBindings/html.js':[
9,
],
'knockout:src/binding/defaultBindings/ifIfnotWith.js':[
70,
],
'knockout:src/binding/defaultBindings/let.js':[
8,
],
'knockout:src/binding/defaultBindings/options.js':[
162,
],
'knockout:src/binding/defaultBindings/selectedOptions.js':[
42,
],
'knockout:src/binding/defaultBindings/style.js':[
30,
],
'knockout:src/binding/defaultBindings/submit.js':[
18,
],
'knockout:src/binding/defaultBindings/text.js':[
9,
],
'knockout:src/binding/defaultBindings/textInput.js':[
191,
200,
],
'knockout:src/binding/defaultBindings/uniqueName.js':[
7,
],
'knockout:src/binding/defaultBindings/using.js':[
13,
],
'knockout:src/binding/defaultBindings/value.js':[
128,
],
'knockout:src/binding/defaultBindings/visibleHidden.js':[
9,
15,
],
'knockout:src/binding/editDetection/arrayToDomNodeChildren.js':[
94,
],
'knockout:src/binding/expressionRewriting.js':[
39,
189,
],
'knockout:src/binding/selectExtensions.js':[
72,
],
'knockout:src/components/componentBinding.js':[
62,
70,
83,
],
'knockout:src/components/customElements.js':[
67,
],
'knockout:src/components/defaultLoader.js':[
57,
],
'knockout:src/components/loaderRegistry.js':[
29,
],
'knockout:src/memoization.js':[
62,
],
'knockout:src/options.js':[
5,
],
'knockout:src/subscribables/dependencyDetection.js':[
66,
],
'knockout:src/subscribables/dependentObservable.js':[
34,
221,
295,
302,
422,
473,
491,
500,
],
'knockout:src/subscribables/extenders.js':[
19,
73,
],
'knockout:src/subscribables/mappingHelpers.js':[
91,
],
'knockout:src/subscribables/observable.js':[
50,
],
'knockout:src/subscribables/observableArray.js':[
101,
],
'knockout:src/subscribables/subscribable.js':[
185,
],
'knockout:src/tasks.js':[
99,
],
'knockout:src/templating/jquery.tmpl/jqueryTmplTemplateEngine.js':[
66,
70,
],
'knockout:src/templating/templateRewriting.js':[
60,
],
'knockout:src/templating/templating.js':[
188,
327,
335,
],
'knockout:src/utils.domData.js':[
69,
],
'knockout:src/utils.domManipulation.js':[
15,
],
'knockout:src/utils.domNodeDisposal.js':[
97,
],
'knockout:src/utils.js':[
593,
],
'knockout:src/virtualElements.js':[
215,
],
}
