{
'react-cloud-music:src/application/Player/store/reducer.js':[
45,
],
}
