{
'prettier-vscode:src/PrettierEditProvider.ts':[
37,
],
}
