{
"javascript-test-sources:src/ecmascript6/redux/examples/real-world/components/List.js": [
51,
52
]
}
