{
"courselit:.yarn/plugins/@yarnpkg/plugin-version.cjs": [
173,
173,
173,
174
]
}
