{
"courselit:.yarn/plugins/@yarnpkg/plugin-version.cjs": [
42
]
}
