{
'angular:aio/src/app/embedded/api/api.service.spec.ts':[
108,
],
'angular:aio/src/app/layout/nav-item/nav-item.component.ts':[
28,
],
'angular:aio/src/app/shared/copier.service.ts':[
38,
],
'angular:aio/src/app/shared/location.service.ts':[
61,
81,
],
'angular:aio/src/app/shared/toc.service.ts':[
79,
],
'angular:integration/language_service_plugin/tools/typescript_validator.ts':[
56,
57,
59,
59,
76,
],
'angular:modules/e2e_util/e2e_util.ts':[
45,
63,
],
'angular:modules/e2e_util/perf_util.ts':[
58,
58,
],
'angular:modules/playground/e2e_test/sourcemap/sourcemap_spec.ts':[
46,
],
'angular:modules/playground/src/web_workers/images/services/bitmap.ts':[
38,
43,
],
'angular:packages/animations/browser/test/engine/dom_animation_engine_spec.ts':[
679,
],
'angular:packages/benchpress/src/metric/perflog_metric.ts':[
353,
],
'angular:packages/common/src/pipes/date_pipe.ts':[
168,
],
'angular:packages/compiler-cli/src/compiler_host.ts':[
303,
],
'angular:packages/compiler-cli/src/path_mapped_compiler_host.ts':[
100,
],
'angular:packages/compiler-cli/test/diagnostics/mocks.ts':[
43,
],
'angular:packages/compiler-cli/test/main_spec.ts':[
73,
92,
111,
132,
132,
156,
],
'angular:packages/compiler/src/aot/static_reflector.ts':[
498,
592,
592,
],
'angular:packages/compiler/src/i18n/serializers/xmb.ts':[
62,
],
'angular:packages/compiler/src/output/output_interpreter.ts':[
269,
],
'angular:packages/compiler/src/shadow_css.ts':[
483,
],
'angular:packages/compiler/src/url_resolver.ts':[
348,
348,
],
'angular:packages/compiler/src/util.ts':[
15,
],
'angular:packages/compiler/test/aot/static_symbol_resolver_spec.ts':[
459,
],
'angular:packages/compiler/test/aot/summary_resolver_spec.ts':[
101,
],
'angular:packages/compiler/test/aot/test_util.ts':[
567,
578,
580,
],
'angular:packages/compiler/test/expression_parser/parser_spec.ts':[
329,
329,
331,
],
'angular:packages/core/src/change_detection/differs/default_iterable_differ.ts':[
768,
768,
],
'angular:packages/core/src/util.ts':[
60,
74,
],
'angular:packages/core/src/view/services.ts':[
414,
],
'angular:packages/core/src/view/text.ts':[
121,
],
'angular:packages/core/src/view/util.ts':[
24,
399,
401,
401,
404,
404,
404,
407,
407,
407,
407,
410,
410,
410,
410,
410,
413,
413,
413,
413,
413,
413,
417,
417,
417,
417,
417,
417,
417,
421,
421,
421,
421,
421,
421,
421,
421,
],
'angular:packages/core/test/change_detection/differs/default_iterable_differ_spec.ts':[
299,
],
'angular:packages/core/test/change_detection/util.ts':[
14,
14,
14,
14,
14,
14,
],
'angular:packages/core/test/linker/integration_spec.ts':[
2357,
2365,
],
'angular:packages/core/test/linker/query_list_spec.ts':[
24,
58,
89,
],
'angular:packages/core/test/testing_internal_spec.ts':[
84,
],
'angular:packages/core/test/util/decorators_spec.ts':[
90,
],
'angular:packages/core/test/view/pure_expression_spec.ts':[
111,
111,
],
'angular:packages/http/src/static_request.ts':[
93,
],
'angular:packages/language-service/test/completions_spec.ts':[
166,
167,
],
'angular:packages/language-service/test/definitions_spec.ts':[
142,
143,
],
'angular:packages/language-service/test/diagnostics_spec.ts':[
316,
317,
],
'angular:packages/language-service/test/hover_spec.ts':[
94,
95,
],
'angular:packages/platform-browser/src/browser/browser_adapter.ts':[
407,
],
'angular:packages/platform-browser/src/security/html_sanitizer.ts':[
227,
231,
],
'angular:packages/platform-browser/testing/src/matchers.ts':[
107,
142,
154,
154,
219,
219,
238,
],
'angular:packages/platform-server/src/parse5_adapter.ts':[
458,
573,
573,
],
'angular:packages/upgrade/src/common/downgrade_component.ts':[
93,
],
'angular:packages/upgrade/test/dynamic/upgrade_spec.ts':[
1024,
1069,
],
'angular:packages/upgrade/test/static/integration/change_detection_spec.ts':[
27,
],
'angular:tools/@angular/tsc-wrapped/src/evaluator.ts':[
542,
],
'angular:tools/@angular/tsc-wrapped/src/tsc.ts':[
71,
71,
],
'angular:tools/@angular/tsc-wrapped/test/bundler_spec.ts':[
174,
],
'angular:tools/cjs-jasmine/index-tools.ts':[
26,
42,
],
'angular:tools/cjs-jasmine/index.ts':[
28,
45,
],
'angular:tools/tsc-watch/tsc_watch.ts':[
21,
100,
162,
],
}
