{
'angular:aio/aio-builds-setup/dockerbuild/scripts-js/lib/common/github-api.ts':[
48,
87,
],
'angular:aio/aio-builds-setup/dockerbuild/scripts-js/lib/common/github-teams.ts':[
34,
],
'angular:aio/aio-builds-setup/dockerbuild/scripts-js/lib/common/utils.ts':[
16,
],
'angular:aio/aio-builds-setup/dockerbuild/scripts-js/lib/upload-server/build-verifier.ts':[
27,
],
'angular:aio/aio-builds-setup/dockerbuild/scripts-js/lib/upload-server/index-preverify-pr.ts':[
38,
],
'angular:aio/aio-builds-setup/dockerbuild/scripts-js/lib/upload-server/upload-server-factory.ts':[
104,
],
'angular:aio/aio-builds-setup/dockerbuild/scripts-js/lib/verify-setup/helper.ts':[
167,
],
'angular:aio/src/app/app.component.ts':[
143,
144,
145,
146,
195,
223,
223,
251,
],
'angular:aio/src/app/documents/document.service.ts':[
51,
],
'angular:aio/src/app/embedded/api/api-list.component.ts':[
90,
149,
153,
153,
154,
154,
],
'angular:aio/src/app/embedded/code/code-example.component.ts':[
41,
43,
44,
45,
],
'angular:aio/src/app/embedded/code/code-tabs.component.ts':[
67,
68,
],
'angular:aio/src/app/embedded/code/code.component.spec.ts':[
144,
],
'angular:aio/src/app/embedded/code/code.component.ts':[
145,
145,
],
'angular:aio/src/app/embedded/live-example/live-example.component.spec.ts':[
225,
230,
235,
],
'angular:aio/src/app/embedded/live-example/live-example.component.ts':[
106,
148,
],
'angular:aio/src/app/embedded/resource/resource-list.component.ts':[
35,
],
'angular:aio/src/app/layout/doc-viewer/doc-viewer.component.ts':[
19,
59,
72,
99,
],
'angular:aio/src/app/layout/doc-viewer/dt.component.ts':[
24,
],
'angular:aio/src/app/layout/nav-menu/nav-menu.component.ts':[
13,
],
'angular:aio/src/app/navigation/navigation.service.ts':[
103,
153,
],
'angular:aio/src/app/search/search-results/search-results.component.ts':[
57,
58,
],
'angular:aio/src/app/shared/copier.service.ts':[
50,
],
'angular:aio/src/app/shared/custom-md-icon-registry.ts':[
44,
],
'angular:aio/src/app/shared/scroll.service.ts':[
37,
39,
39,
59,
],
'angular:aio/src/app/shared/toc.service.ts':[
22,
56,
],
'angular:aio/src/app/sw-updates/sw-update-notifications.service.spec.ts':[
189,
],
'angular:aio/src/app/sw-updates/sw-update-notifications.service.ts':[
89,
90,
90,
],
'angular:integration/language_service_plugin/tools/typescript_host.ts':[
24,
],
'angular:modules/e2e_util/e2e_util.ts':[
39,
39,
],
'angular:modules/e2e_util/perf_util.ts':[
41,
],
'angular:modules/playground/src/routing/app/inbox-app.ts':[
34,
],
'angular:packages/animations/browser/src/dsl/animation_timeline_visitor.ts':[
122,
229,
238,
340,
344,
381,
391,
421,
],
'angular:packages/animations/browser/src/dsl/animation_transition_factory.ts':[
30,
30,
31,
31,
32,
32,
],
'angular:packages/animations/browser/src/dsl/animation_trigger.ts':[
59,
59,
60,
60,
61,
61,
],
'angular:packages/animations/browser/src/dsl/animation_validator_visitor.ts':[
121,
160,
164,
],
'angular:packages/animations/browser/src/render/dom_animation_engine.ts':[
64,
110,
139,
188,
434,
474,
],
'angular:packages/animations/browser/src/render/noop_animation_engine.ts':[
40,
64,
67,
67,
69,
69,
70,
76,
76,
77,
133,
],
'angular:packages/animations/browser/src/render/web_animations/web_animations_player.ts':[
33,
145,
],
'angular:packages/animations/browser/test/engine/dom_animation_engine_spec.ts':[
38,
],
'angular:packages/benchpress/src/metric/perflog_metric.ts':[
185,
235,
235,
301,
307,
319,
322,
327,
339,
339,
342,
],
'angular:packages/benchpress/src/web_driver_extension.ts':[
52,
],
'angular:packages/benchpress/test/metric/perflog_metric_spec.ts':[
29,
],
'angular:packages/benchpress/test/metric/user_metric_spec.ts':[
20,
],
'angular:packages/benchpress/test/reporter/console_reporter_spec.ts':[
27,
],
'angular:packages/benchpress/test/sampler_spec.ts':[
213,
],
'angular:packages/common/src/directives/ng_class.ts':[
67,
84,
124,
],
'angular:packages/common/src/directives/ng_component_outlet.ts':[
82,
83,
83,
85,
88,
],
'angular:packages/common/src/directives/ng_for_of.ts':[
129,
213,
],
'angular:packages/common/src/directives/ng_plural.ts':[
72,
76,
],
'angular:packages/common/src/directives/ng_style.ts':[
44,
44,
50,
52,
],
'angular:packages/common/src/directives/ng_switch.ts':[
99,
119,
],
'angular:packages/common/src/directives/ng_template_outlet.ts':[
52,
56,
],
'angular:packages/common/src/localization.ts':[
102,
],
'angular:packages/common/src/pipes/date_pipe.ts':[
165,
166,
167,
168,
],
'angular:packages/common/src/pipes/intl.ts':[
188,
215,
],
'angular:packages/common/test/pipes/async_pipe_spec.ts':[
113,
],
'angular:packages/compiler-cli/src/codegen.ts':[
60,
],
'angular:packages/compiler-cli/src/compiler_host.ts':[
73,
74,
292,
],
'angular:packages/compiler-cli/src/diagnostics/expression_diagnostics.ts':[
52,
58,
144,
146,
148,
201,
232,
234,
309,
],
'angular:packages/compiler-cli/src/diagnostics/expression_type.ts':[
159,
179,
210,
220,
236,
316,
325,
382,
389,
396,
],
'angular:packages/compiler-cli/src/diagnostics/typescript_symbols.ts':[
118,
147,
188,
207,
223,
239,
246,
246,
286,
286,
286,
313,
335,
437,
501,
574,
579,
592,
606,
606,
630,
635,
650,
655,
663,
732,
745,
757,
770,
775,
784,
784,
784,
786,
],
'angular:packages/compiler-cli/src/extract_i18n.ts':[
32,
],
'angular:packages/compiler-cli/src/extractor.ts':[
74,
96,
101,
],
'angular:packages/compiler-cli/src/main.ts':[
28,
],
'angular:packages/compiler-cli/src/ngtools_api.ts':[
149,
153,
],
'angular:packages/compiler-cli/src/ngtools_impl.ts':[
47,
86,
118,
138,
141,
142,
153,
],
'angular:packages/compiler-cli/src/path_mapped_compiler_host.ts':[
35,
51,
119,
],
'angular:packages/compiler-cli/test/aot_host_spec.ts':[
32,
],
'angular:packages/compiler-cli/test/diagnostics/expression_diagnostics_spec.ts':[
52,
69,
82,
],
'angular:packages/compiler-cli/test/diagnostics/mocks.ts':[
181,
201,
],
'angular:packages/compiler/src/aot/compiler.ts':[
338,
351,
357,
364,
378,
379,
380,
381,
],
'angular:packages/compiler/src/aot/compiler_factory.ts':[
43,
75,
75,
75,
],
'angular:packages/compiler/src/aot/static_reflector.ts':[
72,
86,
99,
108,
108,
162,
168,
193,
197,
198,
205,
239,
343,
369,
385,
574,
642,
683,
],
'angular:packages/compiler/src/aot/static_symbol.ts':[
33,
],
'angular:packages/compiler/src/aot/static_symbol_resolver.ts':[
86,
127,
155,
158,
158,
201,
269,
357,
408,
437,
],
'angular:packages/compiler/src/aot/summary_serializer.ts':[
49,
],
'angular:packages/compiler/src/ast_path.ts':[
29,
34,
],
'angular:packages/compiler/src/compile_metadata.ts':[
228,
276,
277,
277,
278,
493,
628,
628,
639,
640,
640,
716,
737,
740,
741,
],
'angular:packages/compiler/src/compiler_util/expression_converter.ts':[
297,
328,
358,
403,
483,
500,
521,
523,
533,
533,
],
'angular:packages/compiler/src/config.ts':[
33,
],
'angular:packages/compiler/src/css_parser/css_parser.ts':[
659,
659,
663,
667,
],
'angular:packages/compiler/src/directive_normalizer.ts':[
91,
],
'angular:packages/compiler/src/directive_resolver.ts':[
27,
38,
95,
],
'angular:packages/compiler/src/expression_parser/lexer.ts':[
264,
],
'angular:packages/compiler/src/expression_parser/parser.ts':[
501,
],
'angular:packages/compiler/src/i18n/digest.ts':[
316,
316,
],
'angular:packages/compiler/src/i18n/extractor.ts':[
68,
],
'angular:packages/compiler/src/i18n/extractor_merger.ts':[
255,
255,
301,
301,
335,
338,
374,
485,
485,
],
'angular:packages/compiler/src/i18n/i18n_html_parser.ts':[
44,
59,
],
'angular:packages/compiler/src/i18n/i18n_parser.ts':[
143,
],
'angular:packages/compiler/src/i18n/message_bundle.ts':[
86,
],
'angular:packages/compiler/src/i18n/serializers/xliff.ts':[
79,
195,
226,
277,
],
'angular:packages/compiler/src/i18n/serializers/xliff2.ts':[
72,
206,
237,
242,
297,
307,
309,
],
'angular:packages/compiler/src/i18n/serializers/xmb.ts':[
157,
158,
161,
],
'angular:packages/compiler/src/i18n/serializers/xtb.ts':[
108,
117,
193,
],
'angular:packages/compiler/src/i18n/translation_bundle.ts':[
149,
],
'angular:packages/compiler/src/jit/compiler.ts':[
151,
237,
],
'angular:packages/compiler/src/jit/compiler_factory.ts':[
169,
],
'angular:packages/compiler/src/metadata_resolver.ts':[
165,
267,
268,
269,
330,
331,
332,
333,
333,
334,
334,
335,
335,
336,
336,
338,
340,
343,
358,
370,
397,
462,
597,
747,
753,
788,
788,
788,
837,
839,
959,
1053,
1067,
1092,
1092,
],
'angular:packages/compiler/src/ml_parser/ast.ts':[
125,
],
'angular:packages/compiler/src/ml_parser/html_tags.ts':[
46,
52,
128,
128,
],
'angular:packages/compiler/src/ml_parser/lexer.ts':[
362,
585,
589,
681,
],
'angular:packages/compiler/src/ml_parser/parser.ts':[
179,
287,
391,
],
'angular:packages/compiler/src/ng_module_resolver.ts':[
29,
],
'angular:packages/compiler/src/output/abstract_emitter.ts':[
50,
63,
],
'angular:packages/compiler/src/output/class_builder.ts':[
26,
31,
34,
35,
40,
41,
42,
43,
],
'angular:packages/compiler/src/output/js_emitter.ts':[
57,
],
'angular:packages/compiler/src/output/output_ast.ts':[
68,
114,
115,
543,
544,
573,
607,
875,
876,
1026,
],
'angular:packages/compiler/src/output/output_jit.ts':[
66,
],
'angular:packages/compiler/src/output/source_map.ts':[
91,
131,
],
'angular:packages/compiler/src/output/ts_emitter.ts':[
385,
386,
420,
421,
],
'angular:packages/compiler/src/output/value_util.ts':[
27,
],
'angular:packages/compiler/src/pipe_resolver.ts':[
30,
38,
],
'angular:packages/compiler/src/provider_analyzer.ts':[
75,
75,
133,
133,
203,
207,
272,
372,
376,
482,
504,
516,
],
'angular:packages/compiler/src/schema/dom_element_schema_registry.ts':[
255,
303,
303,
],
'angular:packages/compiler/src/selector.ts':[
93,
108,
114,
115,
118,
182,
194,
257,
261,
272,
300,
304,
306,
325,
359,
363,
364,
],
'angular:packages/compiler/src/summary_resolver.ts':[
34,
],
'angular:packages/compiler/src/template_parser/binding_parser.ts':[
68,
87,
110,
127,
145,
202,
222,
235,
355,
358,
383,
],
'angular:packages/compiler/src/template_parser/template_parser.ts':[
77,
182,
256,
348,
368,
373,
383,
390,
395,
396,
399,
595,
610,
814,
],
'angular:packages/compiler/src/url_resolver.ts':[
85,
85,
],
'angular:packages/compiler/src/view_compiler/provider_compiler.ts':[
55,
58,
94,
99,
103,
],
'angular:packages/compiler/src/view_compiler/view_compiler.ts':[
54,
348,
425,
452,
513,
592,
675,
676,
866,
936,
1022,
],
'angular:packages/compiler/test/aot/jit_summaries_spec.ts':[
23,
],
'angular:packages/compiler/test/aot/static_reflector_spec.ts':[
187,
194,
201,
208,
215,
217,
219,
224,
226,
228,
233,
235,
237,
242,
244,
246,
],
'angular:packages/compiler/test/aot/static_symbol_resolver_spec.ts':[
385,
458,
],
'angular:packages/compiler/test/aot/test_util.ts':[
503,
588,
616,
617,
630,
638,
],
'angular:packages/compiler/test/css_parser/css_visitor_spec.ts':[
28,
28,
],
'angular:packages/compiler/test/directive_normalizer_spec.ts':[
110,
111,
112,
113,
114,
115,
116,
117,
118,
136,
137,
138,
139,
140,
141,
142,
143,
144,
145,
],
'angular:packages/compiler/test/expression_parser/parser_spec.ts':[
31,
],
'angular:packages/compiler/test/expression_parser/validator.ts':[
23,
],
'angular:packages/compiler/test/i18n/message_bundle_spec.ts':[
55,
],
'angular:packages/compiler/test/output/js_emitter_node_only_spec.ts':[
46,
],
'angular:packages/compiler/test/output/js_emitter_spec.ts':[
55,
],
'angular:packages/compiler/test/output/ts_emitter_node_only_spec.ts':[
51,
],
'angular:packages/compiler/test/output/ts_emitter_spec.ts':[
58,
],
'angular:packages/compiler/test/schema/schema_extractor.ts':[
173,
],
'angular:packages/compiler/test/template_parser/template_parser_spec.ts':[
37,
70,
71,
72,
73,
74,
75,
76,
77,
103,
104,
105,
106,
107,
],
'angular:packages/compiler/testing/src/directive_resolver_mock.ts':[
35,
48,
55,
59,
],
'angular:packages/compiler/testing/src/metadata_overrider.ts':[
27,
],
'angular:packages/compiler/testing/src/ng_module_resolver_mock.ts':[
33,
],
'angular:packages/core/src/application_init.ts':[
32,
],
'angular:packages/core/src/application_module.ts':[
27,
],
'angular:packages/core/src/application_ref.ts':[
85,
146,
157,
298,
],
'angular:packages/core/src/change_detection/change_detection_util.ts':[
94,
],
'angular:packages/core/src/change_detection/differs/default_iterable_differ.ts':[
27,
58,
],
'angular:packages/core/src/change_detection/differs/iterable_differs.ts':[
188,
213,
],
'angular:packages/core/src/change_detection/differs/keyvalue_differs.ts':[
163,
177,
],
'angular:packages/core/src/debug/debug_node.ts':[
71,
113,
113,
181,
],
'angular:packages/core/src/di/reflective_errors.ts':[
196,
],
'angular:packages/core/src/di/reflective_injector.ts':[
294,
],
'angular:packages/core/src/di/reflective_key.ts':[
34,
],
'angular:packages/core/src/di/reflective_provider.ts':[
106,
113,
132,
187,
214,
],
'angular:packages/core/src/error_handler.ts':[
71,
81,
81,
],
'angular:packages/core/src/errors.ts':[
31,
],
'angular:packages/core/src/linker/component_factory_resolver.ts':[
58,
81,
],
'angular:packages/core/src/linker/system_js_ng_module_factory_loader.ts':[
52,
],
'angular:packages/core/src/profile/wtf_impl.ts':[
42,
44,
],
'angular:packages/core/src/reflection/reflection_capabilities.ts':[
49,
83,
114,
144,
239,
255,
],
'angular:packages/core/src/testability/testability.ts':[
139,
],
'angular:packages/core/src/util.ts':[
15,
17,
],
'angular:packages/core/src/util/decorators.ts':[
284,
335,
343,
371,
372,
],
'angular:packages/core/src/view/element.ts':[
72,
92,
102,
102,
134,
],
'angular:packages/core/src/view/entrypoint.ts':[
48,
],
'angular:packages/core/src/view/ng_module.ts':[
74,
],
'angular:packages/core/src/view/provider.ts':[
199,
223,
358,
361,
366,
367,
397,
455,
455,
],
'angular:packages/core/src/view/query.ts':[
154,
],
'angular:packages/core/src/view/refs.ts':[
93,
141,
146,
159,
179,
357,
367,
375,
],
'angular:packages/core/src/view/services.ts':[
429,
439,
457,
460,
461,
461,
471,
471,
478,
491,
554,
581,
589,
],
'angular:packages/core/src/view/util.ts':[
78,
241,
302,
],
'angular:packages/core/src/view/view.ts':[
142,
154,
384,
],
'angular:packages/core/src/view/view_attach.ts':[
44,
93,
],
'angular:packages/core/src/zone/ng_zone.ts':[
205,
],
'angular:packages/core/test/animation/animation_integration_spec.ts':[
1059,
],
'angular:packages/core/test/application_ref_spec.ts':[
53,
61,
65,
70,
],
'angular:packages/core/test/di/reflective_injector_spec.ts':[
431,
],
'angular:packages/core/test/linker/change_detection_integration_spec.ts':[
1809,
],
'angular:packages/core/test/linker/ng_module_integration_spec.ts':[
130,
],
'angular:packages/core/test/linker/query_integration_spec.ts':[
642,
648,
650,
663,
669,
671,
],
'angular:packages/core/test/view/helper.ts':[
36,
],
'angular:packages/core/test/view/ng_content_spec.ts':[
42,
],
'angular:packages/core/testing/src/test_bed.ts':[
210,
210,
280,
295,
301,
408,
433,
451,
463,
463,
517,
543,
],
'angular:packages/core/testing/src/testing_internal.ts':[
55,
],
'angular:packages/forms/src/directives/abstract_form_group_directive.ts':[
59,
],
'angular:packages/forms/src/directives/default_value_accessor.ts':[
24,
87,
96,
],
'angular:packages/forms/src/directives/ng_form.ts':[
104,
123,
],
'angular:packages/forms/src/directives/ng_model.ts':[
133,
133,
134,
134,
179,
205,
],
'angular:packages/forms/src/directives/normalize_validator.ts':[
13,
22,
],
'angular:packages/forms/src/directives/reactive_directives/form_control_directive.ts':[
83,
83,
84,
84,
],
'angular:packages/forms/src/directives/reactive_directives/form_control_name.ts':[
104,
104,
105,
105,
],
'angular:packages/forms/src/directives/reactive_directives/form_group_directive.ts':[
164,
177,
],
'angular:packages/forms/src/directives/reactive_directives/form_group_name.ts':[
181,
],
'angular:packages/forms/src/directives/select_control_value_accessor.ts':[
175,
189,
198,
],
'angular:packages/forms/src/directives/select_multiple_control_value_accessor.ts':[
186,
201,
221,
],
'angular:packages/forms/src/directives/shared.ts':[
34,
92,
152,
173,
174,
175,
],
'angular:packages/forms/src/directives/validators.ts':[
88,
125,
164,
234,
290,
340,
391,
],
'angular:packages/forms/src/model.ts':[
47,
47,
51,
51,
59,
65,
244,
262,
276,
293,
304,
347,
396,
496,
511,
562,
571,
835,
835,
848,
868,
878,
880,
951,
1021,
1138,
1138,
1174,
1184,
1187,
1253,
1320,
],
'angular:packages/forms/src/validators.ts':[
182,
],
'angular:packages/http/src/backends/xhr_backend.ts':[
80,
],
'angular:packages/http/src/base_request_options.ts':[
123,
],
'angular:packages/http/src/headers.ts':[
171,
],
'angular:packages/http/src/static_request.ts':[
187,
188,
190,
],
'angular:packages/http/src/url_search_params.ts':[
17,
102,
109,
123,
132,
146,
164,
],
'angular:packages/http/test/backends/xhr_backend_spec.ts':[
68,
323,
323,
],
'angular:packages/http/testing/src/mock_backend.ts':[
285,
],
'angular:packages/language-service/src/completions.ts':[
62,
125,
125,
126,
132,
138,
143,
273,
287,
301,
322,
324,
328,
337,
337,
337,
361,
367,
],
'angular:packages/language-service/src/diagnostics.ts':[
25,
46,
46,
62,
],
'angular:packages/language-service/src/expressions.ts':[
66,
75,
79,
87,
91,
95,
95,
127,
132,
135,
145,
150,
156,
161,
166,
166,
],
'angular:packages/language-service/src/html_info.ts':[
209,
209,
213,
213,
402,
428,
428,
433,
433,
438,
438,
445,
],
'angular:packages/language-service/src/language_service.ts':[
43,
84,
106,
141,
145,
],
'angular:packages/language-service/src/locate_symbol.ts':[
55,
57,
57,
63,
65,
65,
78,
110,
110,
134,
151,
],
'angular:packages/language-service/src/ts_plugin.ts':[
201,
234,
255,
255,
278,
291,
],
'angular:packages/language-service/src/typescript_host.ts':[
116,
121,
182,
193,
235,
299,
332,
359,
378,
404,
432,
459,
471,
476,
482,
487,
487,
495,
496,
498,
505,
511,
556,
591,
],
'angular:packages/language-service/src/utils.ts':[
60,
],
'angular:packages/language-service/test/definitions_spec.ts':[
102,
124,
163,
167,
],
'angular:packages/language-service/test/hover_spec.ts':[
77,
78,
78,
78,
],
'angular:packages/language-service/test/test_utils.ts':[
95,
128,
221,
300,
300,
313,
324,
327,
],
'angular:packages/language-service/test/ts_plugin_spec.ts':[
211,
211,
234,
],
'angular:packages/platform-browser/animations/src/animation_renderer.ts':[
20,
20,
],
'angular:packages/platform-browser/src/browser.ts':[
93,
],
'angular:packages/platform-browser/src/browser/browser_adapter.ts':[
67,
89,
90,
99,
100,
100,
105,
106,
106,
111,
112,
112,
246,
291,
294,
296,
373,
373,
392,
],
'angular:packages/platform-browser/src/browser/meta.ts':[
43,
48,
50,
65,
69,
72,
81,
94,
],
'angular:packages/platform-browser/src/browser/tools/browser.ts':[
9,
],
'angular:packages/platform-browser/src/dom/debug/ng_probe.ts':[
38,
38,
38,
38,
41,
41,
],
'angular:packages/platform-browser/src/dom/dom_adapter.ts':[
22,
],
'angular:packages/platform-browser/src/dom/events/event_manager.ts':[
74,
],
'angular:packages/platform-browser/src/security/html_sanitizer.ts':[
130,
143,
151,
201,
285,
288,
],
'angular:packages/platform-browser/test/animation/animation_renderer_spec.ts':[
278,
278,
],
'angular:packages/platform-browser/test/browser/bootstrap_spec.ts':[
378,
378,
],
'angular:packages/platform-browser/testing/src/browser_util.ts':[
21,
],
'angular:packages/platform-browser/testing/src/matchers.ts':[
251,
],
'angular:packages/platform-server/src/http.ts':[
115,
],
'angular:packages/platform-server/src/location.ts':[
20,
21,
22,
],
'angular:packages/platform-server/src/parse5_adapter.ts':[
107,
160,
164,
429,
528,
530,
],
'angular:packages/platform-webworker/src/web_workers/shared/client_message_broker.ts':[
103,
103,
112,
130,
],
'angular:packages/platform-webworker/src/web_workers/shared/service_message_broker.ts':[
70,
],
'angular:packages/platform-webworker/src/web_workers/worker/platform_location.ts':[
76,
78,
80,
],
'angular:packages/platform-webworker/src/web_workers/worker/renderer.ts':[
38,
],
'angular:packages/platform-webworker/src/web_workers/worker/worker_adapter.ts':[
20,
32,
42,
],
'angular:packages/router/src/apply_redirects.ts':[
30,
183,
329,
335,
397,
442,
482,
495,
535,
],
'angular:packages/router/src/config.ts':[
380,
447,
],
'angular:packages/router/src/create_router_state.ts':[
18,
],
'angular:packages/router/src/create_url_tree.ts':[
44,
168,
191,
],
'angular:packages/router/src/directives/router_link_active.ts':[
121,
121,
121,
],
'angular:packages/router/src/directives/router_outlet.ts':[
62,
66,
71,
86,
131,
],
'angular:packages/router/src/recognize.ts':[
102,
110,
178,
193,
204,
213,
255,
305,
309,
313,
],
'angular:packages/router/src/router.ts':[
408,
420,
423,
517,
581,
784,
824,
969,
1016,
1046,
1070,
1159,
1181,
1203,
],
'angular:packages/router/src/router_module.ts':[
184,
],
'angular:packages/router/src/router_state.ts':[
173,
295,
302,
368,
],
'angular:packages/router/src/shared.ts':[
65,
65,
],
'angular:packages/router/src/url_tree.ts':[
35,
62,
71,
119,
200,
301,
],
'angular:packages/router/test/create_url_tree.spec.ts':[
259,
],
'angular:packages/router/test/integration.spec.ts':[
3074,
3085,
],
'angular:packages/router/testing/src/router_testing_module.ts':[
71,
],
'angular:packages/upgrade/src/common/downgrade_component.ts':[
89,
137,
],
'angular:packages/upgrade/src/common/downgrade_component_adapter.ts':[
69,
69,
118,
127,
132,
132,
159,
163,
185,
185,
248,
],
'angular:packages/upgrade/src/common/util.ts':[
14,
37,
37,
73,
],
'angular:packages/upgrade/src/dynamic/upgrade_adapter.ts':[
120,
608,
651,
],
'angular:packages/upgrade/src/dynamic/upgrade_ng1_adapter.ts':[
208,
],
'angular:packages/upgrade/src/static/upgrade_component.ts':[
184,
189,
215,
221,
251,
479,
],
'angular:packages/upgrade/test/dynamic/upgrade_spec.ts':[
341,
436,
],
'angular:packages/upgrade/test/static/integration/downgrade_component_spec.ts':[
73,
172,
],
'angular:tools/@angular/tsc-wrapped/src/bundler.ts':[
133,
147,
147,
164,
164,
169,
219,
256,
284,
284,
286,
286,
302,
302,
304,
305,
306,
306,
308,
330,
330,
361,
412,
412,
412,
418,
447,
535,
539,
],
'angular:tools/@angular/tsc-wrapped/src/collector.ts':[
86,
90,
98,
111,
128,
130,
138,
143,
172,
190,
200,
220,
229,
238,
241,
259,
259,
282,
296,
308,
328,
334,
334,
343,
348,
350,
359,
370,
385,
439,
455,
500,
500,
508,
510,
552,
582,
585,
589,
589,
595,
598,
602,
617,
619,
628,
658,
],
'angular:tools/@angular/tsc-wrapped/src/compiler_host.ts':[
162,
162,
162,
],
'angular:tools/@angular/tsc-wrapped/src/evaluator.ts':[
24,
72,
83,
84,
84,
85,
94,
142,
265,
293,
330,
426,
427,
586,
586,
],
'angular:tools/@angular/tsc-wrapped/src/main.ts':[
175,
],
'angular:tools/@angular/tsc-wrapped/src/symbols.ts':[
76,
83,
91,
107,
],
'angular:tools/@angular/tsc-wrapped/src/tsc.ts':[
44,
48,
52,
61,
68,
80,
80,
86,
155,
156,
],
'angular:tools/@angular/tsc-wrapped/test/bundler_spec.ts':[
180,
],
'angular:tools/@angular/tsc-wrapped/test/evaluator.spec.ts':[
100,
100,
101,
101,
113,
114,
116,
118,
],
'angular:tools/@angular/tsc-wrapped/test/typescript.mocks.ts':[
158,
],
'angular:tools/tsc-watch/tsc_watch.ts':[
46,
46,
47,
47,
116,
],
'angular:tools/tslint/requireInternalWithUnderscoreRule.ts':[
43,
],
}
