{
"Typescript:Gulpfile.ts":[
261
],
"Typescript:src/compiler/checker.ts":[
1394,
1438,
1448,
1467,
1531,
1560,
1560,
1713,
4202,
4202,
4273,
4273,
4288,
7125,
7864,
8639,
11071,
17394,
22621,
22789,
22954
],
"Typescript:src/compiler/core.ts":[
1328,
1719,
1738
],
"Typescript:src/compiler/emitter.ts":[
13,
1678,
2115,
2492,
2619
],
"Typescript:src/compiler/factory.ts":[
27,
715,
728,
1142,
2331,
2345,
2812,
3064,
3064,
3085,
3085,
3106,
3106,
3125,
3125,
3129,
3129,
3153,
3153,
3168,
3168,
3178,
3197,
3208
],
"Typescript:src/compiler/parser.ts":[
477,
603,
1854,
2008,
5297
],
"Typescript:src/compiler/program.ts":[
82,
895,
903
],
"Typescript:src/compiler/scanner.ts":[
445
],
"Typescript:src/compiler/sys.ts":[
225,
456
],
"Typescript:src/compiler/transformers/destructuring.ts":[
40,
143,
144,
224
],
"Typescript:src/compiler/transformers/generators.ts":[
971
],
"Typescript:src/compiler/transformers/module/module.ts":[
1154,
1196
],
"Typescript:src/compiler/transformers/module/system.ts":[
1107,
1119
],
"Typescript:src/compiler/tsc.ts":[
318,
340
],
"Typescript:src/compiler/utilities.ts":[
261,
2150,
2204,
2657,
3098
],
"Typescript:src/compiler/visitor.ts":[
143
],
"Typescript:src/harness/fourslash.ts":[
1083,
1083,
2276,
2602,
2635,
3719,
3727,
3763,
3771
],
"Typescript:src/harness/harnessLanguageService.ts":[
337,
340
],
"Typescript:src/harness/sourceMapRecorder.ts":[
245,
365
],
"Typescript:src/server/client.ts":[
468,
468
],
"Typescript:src/server/editorServices.ts":[
1203,
1333
],
"Typescript:src/server/project.ts":[
365,
410
],
"Typescript:src/server/server.ts":[
651
],
"Typescript:src/services/codefixes/importFixes.ts":[
221,
221
],
"Typescript:src/services/documentRegistry.ts":[
105
],
"Typescript:src/services/formatting/formatting.ts":[
623
],
"Typescript:src/services/importTracker.ts":[
128
],
"Typescript:src/services/services.ts":[
69,
104,
241,
940,
1488,
1495
],
"Typescript:src/services/shims.ts":[
1007,
1014
]
}
