{
'TypeScript:src/compiler/binder.ts':[
135,
154,
],
'TypeScript:src/compiler/checker.ts':[
44,
12021,
19017,
20710,
],
'TypeScript:src/compiler/core.ts':[
62,
908,
2199,
],
'TypeScript:src/compiler/transformers/es2015.ts':[
867,
897,
916,
3837,
],
'TypeScript:src/compiler/transformers/ts.ts':[
490,
790,
811,
848,
876,
],
'TypeScript:src/services/codefixes/fixClassSuperMustPrecedeThisAccess.ts':[
13,
],
'TypeScript:src/services/documentHighlights.ts':[
315,
],
'TypeScript:src/services/textChanges.ts':[
561,
],
'TypeScript:src/services/utilities.ts':[
1395,
],
}
