{
'TypeScript:src/compiler/checker.ts':[
83,
89,
107,
133,
],
'TypeScript:src/compiler/core.ts':[
46,
50,
54,
248,
255,
312,
1227,
1228,
1231,
1232,
],
'TypeScript:src/compiler/emitter.ts':[
331,
958,
969,
974,
978,
1038,
1050,
1072,
1072,
1073,
1088,
1088,
1089,
1089,
1090,
1150,
1157,
1283,
1356,
1359,
1545,
1638,
1639,
1645,
1685,
1689,
1709,
1713,
1728,
1730,
1751,
1787,
1872,
1901,
1938,
2004,
2012,
2097,
2108,
2178,
2219,
2223,
2227,
2231,
2247,
2260,
2265,
2269,
2279,
2282,
2288,
2294,
2299,
2327,
2327,
2327,
2335,
2362,
2363,
2379,
2387,
2396,
2502,
2506,
2507,
2528,
2531,
2548,
2549,
2551,
2552,
2576,
2582,
2721,
2728,
2801,
2828,
2838,
2840,
2876,
2877,
2878,
2879,
2884,
2889,
2890,
2891,
2892,
2897,
2901,
],
'TypeScript:src/compiler/factory.ts':[
2813,
],
'TypeScript:src/compiler/moduleNameResolver.ts':[
131,
137,
],
'TypeScript:src/compiler/parser.ts':[
453,
460,
478,
483,
487,
496,
676,
699,
1285,
1286,
1287,
1295,
1297,
1299,
1305,
1309,
1311,
1313,
1315,
1331,
1333,
1335,
1337,
1338,
1340,
1342,
1343,
1345,
1347,
1349,
1351,
1353,
1354,
1355,
1356,
1357,
1415,
1416,
1417,
1418,
1419,
1420,
1421,
1422,
1424,
1426,
1428,
1430,
1433,
1436,
1437,
1438,
1440,
1441,
1444,
1447,
1449,
1451,
1453,
1455,
1457,
1459,
1491,
1604,
1607,
1610,
1611,
1612,
1615,
1618,
1621,
1624,
1627,
1635,
1639,
1645,
1654,
1659,
1664,
1670,
1674,
1675,
1823,
1824,
1825,
1826,
1827,
1828,
1829,
1830,
1831,
1832,
1833,
1834,
1835,
1836,
1837,
1838,
1839,
1840,
1841,
1842,
1843,
1844,
1845,
1846,
1847,
1848,
1849,
2059,
2117,
2225,
2333,
2436,
2478,
3022,
3031,
3066,
3069,
3076,
3079,
3097,
3099,
3110,
3116,
3125,
3131,
3136,
3144,
3168,
3171,
3175,
3187,
3205,
3210,
3214,
3854,
3886,
4102,
4112,
4242,
4321,
4391,
4560,
4568,
4584,
5001,
5009,
5072,
5443,
5455,
5466,
5477,
5523,
5535,
5747,
7414,
7457,
],
'TypeScript:src/compiler/sys.ts':[
185,
185,
],
'TypeScript:src/compiler/transformers/es2015.ts':[
3872,
],
'TypeScript:src/compiler/transformers/es2017.ts':[
247,
251,
],
'TypeScript:src/compiler/transformers/generators.ts':[
3173,
],
'TypeScript:src/compiler/transformers/jsx.ts':[
236,
],
'TypeScript:src/compiler/transformers/module/module.ts':[
108,
412,
],
'TypeScript:src/compiler/transformers/ts.ts':[
3374,
3399,
3421,
],
'TypeScript:src/compiler/visitor.ts':[
1432,
],
'TypeScript:src/harness/fourslash.ts':[
2879,
2880,
2881,
2882,
2883,
2884,
2885,
2887,
],
'TypeScript:src/harness/harness.ts':[
127,
127,
218,
356,
357,
452,
],
'TypeScript:src/server/server.ts':[
392,
394,
394,
398,
399,
403,
408,
],
'TypeScript:src/server/typingsInstaller/typingsInstaller.ts':[
435,
],
'TypeScript:src/services/completions.ts':[
64,
68,
317,
],
'TypeScript:src/services/findAllReferences.ts':[
73,
94,
99,
],
'TypeScript:src/services/formatting/smartIndenter.ts':[
87,
89,
],
'TypeScript:src/services/pathCompletions.ts':[
319,
424,
],
}
