{
'TypeScript:scripts/tslint/noBomRule.ts':[
2,
],
}
