{
'rxjs:src/MiscJSDoc.ts':[
0,
],
'rxjs:src/observable/dom/MiscJSDoc.ts':[
0,
],
}
