{
'js-project:open-layers-2.12/OpenLayers/Format/ArcXML.js':[
347,
],
}
