{
'js-project:ecmascript6/di.js/example/angular-loader/traceur.js':[
15271,
15272,
],
'js-project:qunit-1.8.0.js':[
1429,
1429,
],
'js-project:yui-3.7.3/editor-base/editor-base.js':[
377,
],
}
