{
'js-project:ecmascript6/router/third_party/brick/brick-1.0.1.byob.js':[
113,
],
'js-project:google-closure-library/messaging/portchannel.js':[
142,
],
}
