{
'js-project:angular-1.0.3.js':[
7,
],
'js-project:babylon/bin/generate-identifier-regex.js':[
1,
],
'js-project:babylon/scripts/run_flow_tests.js':[
1,
],
'js-project:babylon/scripts/run_test262.js':[
1,
],
'js-project:babylon/scripts/run_test262_utils.js':[
1,
],
'js-project:babylon/scripts/yarn-install.js':[
1,
],
'js-project:dojo-1.8.1/dojo/Deferred.js.uncompressed.js':[
8,
],
'js-project:dojo-1.8.1/dojo/Evented.js.uncompressed.js':[
5,
],
'js-project:dojo-1.8.1/dojo/aspect.js.uncompressed.js':[
6,
],
'js-project:dojo-1.8.1/dojo/dojo.js.uncompressed.js':[
3321,
5085,
6746,
10759,
12848,
13912,
14667,
14717,
14964,
16981,
],
'js-project:dojo-1.8.1/dojo/json.js.uncompressed.js':[
2,
],
'js-project:dojo-1.8.1/dojo/on.js.uncompressed.js':[
3,
],
'js-project:dojo-1.8.1/dojo/promise/Promise.js.uncompressed.js':[
4,
],
'js-project:dojo-1.8.1/dojo/promise/all.js.uncompressed.js':[
6,
],
'js-project:dojo-1.8.1/dojo/promise/first.js.uncompressed.js':[
6,
],
'js-project:dojo-1.8.1/dojo/promise/tracer.js.uncompressed.js':[
6,
],
'js-project:dojo-1.8.1/dojo/query.js.uncompressed.js':[
4,
],
'js-project:dojo-1.8.1/dojo/selector/_loader.js.uncompressed.js':[
4,
],
'js-project:dojo-1.8.1/dojo/selector/lite.js.uncompressed.js':[
2,
],
'js-project:dojo-1.8.1/dojo/when.js.uncompressed.js':[
5,
],
'js-project:ecmascript6/Ghost/core/shared/ghost-url.js':[
2,
],
'js-project:ecmascript6/di.js/example/angular-loader/traceur.js':[
2,
493,
611,
674,
846,
1014,
1062,
1234,
1667,
1727,
1747,
2071,
2295,
2680,
2716,
3037,
4901,
5068,
5102,
6017,
6057,
6098,
6108,
6657,
6703,
6826,
7623,
8387,
8446,
8554,
8574,
8585,
8606,
8619,
9508,
11730,
11740,
11766,
11842,
11857,
11909,
11952,
11963,
12199,
12229,
12360,
12371,
12384,
12397,
12453,
12519,
12544,
12709,
12743,
12867,
12934,
12963,
12980,
13020,
13075,
13103,
13137,
13464,
13507,
13539,
13569,
13668,
13804,
14034,
14081,
14126,
14185,
14485,
14515,
14532,
14606,
14635,
14708,
14728,
14758,
14785,
14846,
14863,
14887,
14908,
14924,
14937,
14986,
15557,
15575,
15676,
15758,
15786,
15813,
15911,
16099,
16127,
16160,
16349,
16366,
16407,
16519,
16567,
16767,
16812,
16836,
16848,
16934,
16959,
16990,
17012,
17059,
17106,
17138,
17221,
17346,
17367,
17388,
17409,
17445,
17822,
17911,
18001,
18066,
18081,
19079,
19099,
],
'js-project:ecmascript6/di.js/visualize/lib/angular.js':[
6,
],
'js-project:ecmascript6/ecmascript6-today/10-modules/js/circle.js':[
4,
],
'js-project:ecmascript6/ecmascript6-today/10-modules/js/main.js':[
4,
],
'js-project:ecmascript6/reddit-mobile/buildTasks/assets.js':[
1,
],
'js-project:ecmascript6/reddit-mobile/buildTasks/clean.js':[
1,
],
'js-project:ecmascript6/reddit-mobile/buildTasks/icons.js':[
1,
],
'js-project:ecmascript6/reddit-mobile/buildTasks/js.js':[
1,
],
'js-project:ecmascript6/reddit-mobile/buildTasks/less.js':[
1,
],
'js-project:ecmascript6/reddit-mobile/buildTasks/utils/notify.js':[
1,
],
'js-project:ecmascript6/reddit-mobile/buildTasks/watcher.js':[
1,
],
'js-project:ecmascript6/reddit-mobile/gulpfile.js':[
1,
],
'js-project:ecmascript6/reddit-mobile/index.js':[
1,
],
'js-project:ecmascript6/reddit-mobile/src/lib/savedReply.es6.js':[
1,
],
'js-project:ecmascript6/redux/webpack.config.base.js':[
1,
],
'js-project:ecmascript6/redux/webpack.config.development.js':[
1,
],
'js-project:ecmascript6/redux/webpack.config.production.js':[
1,
],
'js-project:ecmascript6/router/third_party/route-recognizer.js':[
2,
],
'js-project:frameworks/wordpress/editor-expand.js':[
2,
],
'js-project:frameworks/wordpress/svg-painter.js':[
9,
],
'js-project:jest/eslint_import_resolver.js':[
12,
],
'js-project:jest/packages/eslint-plugin-jest/src/rules/__tests__/no_focused_tests.test.js':[
13,
],
'js-project:jest/packages/eslint-plugin-jest/src/rules/__tests__/no_identical_title.test.js':[
13,
],
'js-project:jest/packages/eslint-plugin-jest/src/rules/__tests__/no_skipped_tests.test.js':[
13,
],
'js-project:jest/packages/eslint-plugin-jest/src/rules/__tests__/valid_expect.test.js':[
13,
],
'js-project:jest/packages/expect/src/__tests__/assertion_counts.test.js':[
10,
],
'js-project:jest/packages/expect/src/__tests__/asymmetric_matchers.test.js':[
10,
],
'js-project:jest/packages/expect/src/__tests__/fake_chalk.test.js':[
8,
],
'js-project:jest/packages/expect/src/__tests__/symbol_in_objects.test.js':[
10,
],
'js-project:jest/packages/expect/src/__tests__/to_throw_matchers.test.js':[
10,
],
'js-project:jest/packages/expect/src/__tests__/utils.test.js':[
10,
],
'js-project:jest/packages/jest-cli/src/__tests__/generate_empty_coverage.test.js':[
10,
],
'js-project:jest/packages/jest-cli/src/__tests__/globals.test.js':[
10,
],
'js-project:jest/packages/jest-cli/src/__tests__/search_source.test.js':[
10,
],
'js-project:jest/packages/jest-cli/src/__tests__/test_scheduler.test.js':[
10,
],
'js-project:jest/packages/jest-cli/src/__tests__/test_sequencer.test.js':[
8,
],
'js-project:jest/packages/jest-cli/src/__tests__/watch.test.js':[
10,
],
'js-project:jest/packages/jest-cli/src/__tests__/watch_filename_pattern_mode.test.js':[
10,
],
'js-project:jest/packages/jest-cli/src/__tests__/watch_test_name_pattern_mode.test.js':[
10,
],
'js-project:jest/packages/jest-cli/src/lib/__tests__/format_test_name_by_pattern.test.js':[
11,
],
'js-project:jest/packages/jest-cli/src/lib/__tests__/highlight.test.js':[
11,
],
'js-project:jest/packages/jest-cli/src/lib/__tests__/log_debug_messages.test.js':[
9,
],
'js-project:jest/packages/jest-cli/src/lib/__tests__/prompt.test.js':[
10,
],
'js-project:jest/packages/jest-cli/src/lib/__tests__/set_state.js':[
10,
],
'js-project:jest/packages/jest-cli/src/lib/pattern_mode_helpers.js':[
11,
],
'js-project:jest/packages/jest-cli/src/lib/scroll_list.js':[
11,
],
'js-project:jest/packages/jest-cli/src/pattern_prompt.js':[
11,
],
'js-project:jest/packages/jest-cli/src/reporters/__tests__/coverage_reporter.test.js':[
8,
],
'js-project:jest/packages/jest-cli/src/reporters/__tests__/coverage_worker.test.js':[
9,
],
'js-project:jest/packages/jest-cli/src/reporters/__tests__/default_reporter.test.js':[
9,
],
'js-project:jest/packages/jest-cli/src/reporters/__tests__/get_snapshot_status.test.js':[
10,
],
'js-project:jest/packages/jest-cli/src/reporters/__tests__/get_snapshot_summary.test.js':[
9,
],
'js-project:jest/packages/jest-cli/src/reporters/__tests__/verbose_reporter.test.js':[
8,
],
'js-project:jest/packages/jest-config/src/__mocks__/fs.js':[
9,
],
'js-project:jest/packages/jest-config/src/__mocks__/read-pkg.js':[
9,
],
'js-project:jest/packages/jest-docblock/src/__tests__/index.test.js':[
12,
],
'js-project:jest/packages/jest-editor-support/src/__tests__/parsers/babylon_parser.test.js':[
11,
],
'js-project:jest/packages/jest-editor-support/src/__tests__/project_workspace.test.js':[
11,
],
'js-project:jest/packages/jest-editor-support/src/__tests__/runner.test.js':[
11,
],
'js-project:jest/packages/jest-editor-support/src/__tests__/settings.test.js':[
11,
],
'js-project:jest/packages/jest-environment-jsdom/src/__mocks__/index.js':[
8,
],
'js-project:jest/packages/jest-environment-node/src/__tests__/node_environment.test.js':[
8,
],
'js-project:jest/packages/jest-get-type/src/__tests__/index.test.js':[
10,
],
'js-project:jest/packages/jest-get-type/src/index.js':[
11,
],
'js-project:jest/packages/jest-haste-map/src/__tests__/get_mock_name.test.js':[
9,
],
'js-project:jest/packages/jest-haste-map/src/__tests__/haste_impl.js':[
8,
],
'js-project:jest/packages/jest-haste-map/src/__tests__/index.test.js':[
10,
],
'js-project:jest/packages/jest-haste-map/src/__tests__/worker.test.js':[
10,
],
'js-project:jest/packages/jest-haste-map/src/crawlers/__tests__/node.test.js':[
10,
],
'js-project:jest/packages/jest-haste-map/src/crawlers/__tests__/watchman.test.js':[
10,
],
'js-project:jest/packages/jest-haste-map/src/lib/__tests__/extract_requires.test.js':[
11,
],
'js-project:jest/packages/jest-haste-map/src/lib/__tests__/get_platform_extension.test.js':[
11,
],
'js-project:jest/packages/jest-haste-map/src/lib/__tests__/normalize_path_sep.test.js':[
11,
],
'js-project:jest/packages/jest-jasmine2/src/__tests__/expectation_result_factory.test.js':[
10,
],
'js-project:jest/packages/jest-jasmine2/src/__tests__/integration/lifecycle_hooks_test.js':[
10,
],
'js-project:jest/packages/jest-jasmine2/src/__tests__/it_to_test_alias.test.js':[
10,
],
'js-project:jest/packages/jest-jasmine2/src/__tests__/iterators.test.js':[
10,
],
'js-project:jest/packages/jest-jasmine2/src/__tests__/matchers.test.js':[
10,
],
'js-project:jest/packages/jest-jasmine2/src/__tests__/p_timeout.test.js':[
10,
],
'js-project:jest/packages/jest-jasmine2/src/__tests__/queue_runner.test.js':[
10,
],
'js-project:jest/packages/jest-jasmine2/src/__tests__/reporter.test.js':[
10,
],
'js-project:jest/packages/jest-matcher-utils/src/__tests__/index.test.js':[
10,
],
'js-project:jest/packages/jest-message-util/src/__tests__/messages.test.js':[
10,
],
'js-project:jest/packages/jest-mock/src/__tests__/jest_mock.test.js':[
10,
],
'js-project:jest/packages/jest-repl/src/__tests__/jest_repl.test.js':[
9,
],
'js-project:jest/packages/jest-resolve-dependencies/src/__tests__/__fixtures__/file.js':[
9,
],
'js-project:jest/packages/jest-resolve-dependencies/src/__tests__/__fixtures__/file.test.js':[
9,
],
'js-project:jest/packages/jest-resolve-dependencies/src/__tests__/__fixtures__/related.test.js':[
9,
],
'js-project:jest/packages/jest-resolve-dependencies/src/__tests__/__fixtures__/scoped.js':[
9,
],
'js-project:jest/packages/jest-resolve-dependencies/src/__tests__/dependency_resolver.test.js':[
9,
],
'js-project:jest/packages/jest-resolve/src/__mocks__/userResolver.js':[
9,
],
'js-project:jest/packages/jest-resolve/src/__tests__/resolve.test.js':[
10,
],
'js-project:jest/packages/jest-runner/src/__tests__/test_runner.test.js':[
10,
],
'js-project:jest/packages/jest-runtime/src/__tests__/NODE_PATH_dir/regular_module_in_node_path.js':[
9,
],
'js-project:jest/packages/jest-runtime/src/__tests__/instrumentation.test.js':[
10,
],
'js-project:jest/packages/jest-runtime/src/__tests__/module_dir/module_directory_file.js':[
9,
],
'js-project:jest/packages/jest-runtime/src/__tests__/module_dir/to_be_instrumented.js':[
9,
],
'js-project:jest/packages/jest-runtime/src/__tests__/resolve_browser.test.js':[
10,
],
'js-project:jest/packages/jest-runtime/src/__tests__/runtime_cli.test.js':[
10,
],
'js-project:jest/packages/jest-runtime/src/__tests__/runtime_environment.test.js':[
10,
],
'js-project:jest/packages/jest-runtime/src/__tests__/runtime_gen_mock_from_module.test.js':[
10,
],
'js-project:jest/packages/jest-runtime/src/__tests__/runtime_internal_module.test.js':[
10,
],
'js-project:jest/packages/jest-runtime/src/__tests__/runtime_jest_fn.js':[
10,
],
'js-project:jest/packages/jest-runtime/src/__tests__/runtime_jest_spy_on.test.js':[
10,
],
'js-project:jest/packages/jest-runtime/src/__tests__/runtime_mock.test.js':[
10,
],
'js-project:jest/packages/jest-runtime/src/__tests__/runtime_module_directories.test.js':[
10,
],
'js-project:jest/packages/jest-runtime/src/__tests__/runtime_node_path.test.js':[
10,
],
'js-project:jest/packages/jest-runtime/src/__tests__/runtime_require_mock.test.js':[
10,
],
'js-project:jest/packages/jest-runtime/src/__tests__/runtime_require_module.test.js':[
10,
],
'js-project:jest/packages/jest-runtime/src/__tests__/runtime_require_module_or_mock.test.js':[
10,
],
'js-project:jest/packages/jest-runtime/src/__tests__/runtime_require_module_or_mock_transitive_deps.test.js':[
10,
],
'js-project:jest/packages/jest-runtime/src/__tests__/script_transformer.test.js':[
10,
],
'js-project:jest/packages/jest-runtime/src/__tests__/test_root/ManuallyMocked.js':[
11,
],
'js-project:jest/packages/jest-runtime/src/__tests__/test_root/ModuleWithSideEffects.js':[
11,
],
'js-project:jest/packages/jest-runtime/src/__tests__/test_root/MyDirectoryModule/index.js':[
9,
],
'js-project:jest/packages/jest-runtime/src/__tests__/test_root/OnlyRequiredFromMock.js':[
11,
],
'js-project:jest/packages/jest-runtime/src/__tests__/test_root/RegularModule.js':[
11,
],
'js-project:jest/packages/jest-runtime/src/__tests__/test_root/RelativeImageStub.js':[
11,
],
'js-project:jest/packages/jest-runtime/src/__tests__/test_root/__mocks__/ExclusivelyManualMock.js':[
9,
],
'js-project:jest/packages/jest-runtime/src/__tests__/test_root/__mocks__/ManuallyMocked.js':[
9,
],
'js-project:jest/packages/jest-runtime/src/__tests__/test_root/__mocks__/nested1/nested2/nested3.js':[
1,
],
'js-project:jest/packages/jest-runtime/src/__tests__/test_root/dep_on_mapped_module.js':[
1,
],
'js-project:jest/packages/jest-runtime/src/__tests__/test_root/global_image_stub.js':[
11,
],
'js-project:jest/packages/jest-runtime/src/__tests__/test_root/haste-modules/Foo.react.js':[
11,
],
'js-project:jest/packages/jest-runtime/src/__tests__/test_root/haste-modules/FooContainer.react.js':[
11,
],
'js-project:jest/packages/jest-runtime/src/__tests__/test_root/haste-modules/FooRenderUtil.js':[
11,
],
'js-project:jest/packages/jest-runtime/src/__tests__/test_root/haste-package/core/module.js':[
9,
],
'js-project:jest/packages/jest-runtime/src/__tests__/test_root/internal-module.js':[
9,
],
'js-project:jest/packages/jest-runtime/src/__tests__/test_root/internal-root.js':[
9,
],
'js-project:jest/packages/jest-runtime/src/__tests__/test_root/logging.js':[
9,
],
'js-project:jest/packages/jest-runtime/src/__tests__/test_root/mapped_dir/moduleInMapped.js':[
1,
],
'js-project:jest/packages/jest-runtime/src/__tests__/test_root/module_dir/module_dir_module.js':[
9,
],
'js-project:jest/packages/jest-runtime/src/__tests__/test_root/module_dir/my-module/core.js':[
9,
],
'js-project:jest/packages/jest-runtime/src/__tests__/test_root/nested1/nested2/nested3.js':[
1,
],
'js-project:jest/packages/jest-runtime/src/__tests__/test_root/platform/platform.android.js':[
11,
],
'js-project:jest/packages/jest-runtime/src/__tests__/test_root/platform/platform.ios.js':[
11,
],
'js-project:jest/packages/jest-runtime/src/__tests__/test_root/platform/platform.js':[
11,
],
'js-project:jest/packages/jest-runtime/src/__tests__/test_root/platform/platform.native.js':[
11,
],
'js-project:jest/packages/jest-runtime/src/__tests__/test_root/root.js':[
11,
],
'js-project:jest/packages/jest-runtime/src/__tests__/test_root/subdir2/module_dir/module_dir_module.js':[
9,
],
'js-project:jest/packages/jest-runtime/src/__tests__/test_root/subdir2/module_dir/my-module/core.js':[
9,
],
'js-project:jest/packages/jest-runtime/src/__tests__/test_root/test_preprocessor.js':[
9,
],
'js-project:jest/packages/jest-runtime/src/__tests__/test_root/throwing.js':[
9,
],
'js-project:jest/packages/jest-runtime/src/__tests__/test_root/throwing_fn.js':[
9,
],
'js-project:jest/packages/jest-runtime/src/__tests__/test_root/utf8_with_bom.js':[
9,
],
'js-project:jest/packages/jest-runtime/src/__tests__/test_root_with_dup_mocks/subdir1/__mocks__/my_module.js':[
9,
],
'js-project:jest/packages/jest-runtime/src/__tests__/test_root_with_dup_mocks/subdir1/my_module.js':[
9,
],
'js-project:jest/packages/jest-runtime/src/__tests__/test_root_with_dup_mocks/subdir2/__mocks__/my_module.js':[
9,
],
'js-project:jest/packages/jest-runtime/src/__tests__/test_root_with_dup_mocks/subdir2/module_dir/module_dir_module.js':[
9,
],
'js-project:jest/packages/jest-runtime/src/__tests__/test_root_with_dup_mocks/subdir2/my_module.js':[
9,
],
'js-project:jest/packages/jest-snapshot/src/__tests__/matcher.test.js':[
9,
],
'js-project:jest/packages/jest-snapshot/src/__tests__/plugins.test.js':[
9,
],
'js-project:jest/packages/jest-snapshot/src/__tests__/plugins/bar.js':[
9,
],
'js-project:jest/packages/jest-snapshot/src/__tests__/plugins/foo.js':[
9,
],
'js-project:jest/packages/jest-test-typescript-parser/src/__tests__/type_script_parser.test.js':[
9,
],
'js-project:jest/packages/jest-util/src/__tests__/fake_timers.test.js':[
10,
],
'js-project:jest/packages/jest-util/src/__tests__/format_test_results.test.js':[
10,
],
'js-project:jest/packages/jest-util/src/__tests__/validate_cli_options.test.js':[
10,
],
'js-project:jest/packages/jest-validate/src/__tests__/validate.test.js':[
10,
],
'js-project:jest/packages/pretty-format/src/__tests__/dom_element.test.js':[
13,
],
'js-project:jest/packages/pretty-format/src/__tests__/expect_util.js':[
11,
],
'js-project:jest/packages/pretty-format/src/__tests__/immutable.test.js':[
11,
],
'js-project:jest/packages/pretty-format/src/__tests__/pretty_format.test.js':[
11,
],
'js-project:jest/scripts/browserBuild.js':[
8,
],
'js-project:jest/scripts/build.js':[
22,
],
'js-project:jest/test_utils.js':[
11,
],
'js-project:jest/types/Argv.js':[
10,
],
'js-project:jshint-2012.06.15.js':[
235,
],
'js-project:ocanvas-2.2.2.js':[
5926,
],
}
