{
'js-project:babylon/scripts/run_test262.js':[
44,
],
'js-project:babylon/test/expressions/esprima/expression-unary/migrated_0010/actual.js':[
1,
],
'js-project:ecmascript6/di.js/visualize/lib/d3.v3.js':[
1428,
],
}
