{
'js-project:ecmascript6/http/test/mocks/Xhr.js':[
85,
97,
],
'js-project:google-closure-library/iter/iter.js':[
279,
],
'js-project:google-closure-library/structs/map.js':[
432,
],
}
