{
'p5.js:docs/yuidoc-p5-theme/assets/js/reference.js':[
74,
4121,
4625,
],
'p5.js:lib/addons/p5.sound.js':[
77,
366,
743,
999,
1097,
1207,
1506,
1545,
1638,
3176,
3455,
4058,
4079,
4884,
5052,
5100,
5131,
5152,
5172,
5215,
5363,
5882,
6085,
6309,
7111,
7290,
7436,
7753,
7769,
7793,
7819,
7841,
7863,
7909,
7940,
7958,
8295,
8317,
8353,
8495,
8775,
8825,
9017,
9249,
9468,
9745,
10243,
10268,
10373,
10456,
10941,
11201,
11411,
11653,
11876,
12017,
12067,
12357,
12748,
12874,
],
'p5.js:src/core/preload.js':[
1,
],
'p5.js:tasks/build/browserify.js':[
1,
],
'p5.js:tasks/build/combineModules.js':[
1,
],
'p5.js:tasks/build/eslint-samples.js':[
1,
],
'p5.js:test/js/sinon.js':[
37,
48,
1111,
],
'p5.js:utils/sample-linter.js':[
1,
],
}
