{
'p5.js:Gruntfile.js':[
79,
80,
87,
119,
120,
126,
133,
134,
135,
145,
153,
154,
161,
163,
164,
169,
170,
172,
175,
176,
182,
184,
187,
191,
192,
193,
206,
210,
211,
218,
219,
227,
228,
238,
246,
249,
250,
251,
261,
262,
263,
274,
275,
276,
285,
286,
289,
294,
295,
296,
310,
311,
312,
328,
329,
337,
346,
347,
354,
355,
364,
373,
374,
381,
382,
391,
400,
401,
402,
414,
417,
418,
419,
424,
425,
426,
427,
484,
488,
493,
497,
505,
512,
519,
526,
],
'p5.js:docs/documented-method.js':[
56,
],
'p5.js:docs/preprocessor.js':[
191,
],
'p5.js:docs/yuidoc-p5-theme/assets/js/reference.js':[
57,
177,
302,
579,
588,
589,
635,
656,
721,
729,
798,
884,
886,
901,
939,
951,
955,
975,
979,
1008,
1024,
1126,
1147,
1152,
1159,
1164,
1168,
1175,
1178,
1182,
1185,
1189,
1193,
1194,
1198,
1203,
1218,
1228,
1241,
1318,
1371,
1528,
1545,
1600,
1610,
1625,
1631,
1662,
1677,
1805,
1839,
1878,
1882,
1886,
2042,
2053,
2059,
2063,
2079,
2108,
2113,
2161,
2188,
2202,
2235,
2236,
2290,
2297,
2311,
2355,
2363,
2387,
2400,
2434,
2725,
3022,
3036,
3338,
3429,
3744,
3751,
3763,
3772,
3775,
3782,
3786,
3791,
3797,
3803,
3809,
3814,
3822,
3827,
3884,
4042,
4087,
4118,
4191,
4208,
4317,
4329,
4362,
4386,
4400,
4441,
4457,
4473,
4518,
4533,
4614,
4622,
4636,
4823,
],
'p5.js:docs/yuidoc-p5-theme/assets/js/render.js':[
197,
203,
],
'p5.js:docs/yuidoc-p5-theme/helpers/helpers_dev.js':[
10,
],
'p5.js:docs/yuidoc-p5-theme/helpers/helpers_prod.js':[
9,
],
'p5.js:grunt-karma.js':[
9,
15,
16,
17,
23,
24,
25,
31,
32,
33,
37,
38,
42,
43,
49,
50,
51,
57,
58,
59,
63,
64,
65,
],
'p5.js:karma.conf.js':[
13,
24,
42,
50,
56,
84,
],
'p5.js:lib/addons/p5.sound.js':[
502,
515,
645,
661,
707,
712,
720,
725,
733,
794,
846,
895,
903,
912,
942,
1285,
1337,
1366,
1502,
2860,
2886,
3235,
3239,
3243,
3555,
3565,
3566,
3578,
3582,
3586,
3590,
3594,
4019,
4108,
4118,
4124,
4180,
4187,
4193,
4199,
4205,
4221,
4227,
4233,
4239,
4240,
4248,
4255,
4262,
4269,
4270,
4277,
4278,
4282,
4298,
4311,
4324,
4470,
4477,
4514,
4531,
4575,
4598,
4641,
4649,
4665,
4758,
4772,
4801,
4848,
4889,
4906,
4927,
5036,
5059,
5066,
5073,
5104,
5116,
5189,
5198,
5895,
6089,
6103,
6116,
6124,
6135,
6151,
6170,
6187,
7224,
7547,
7548,
7890,
7922,
8002,
8008,
8009,
8014,
8019,
8028,
8037,
8045,
8046,
8052,
8063,
8068,
8069,
8074,
8078,
8079,
8080,
8120,
8133,
8179,
8180,
8195,
8214,
8245,
9087,
9154,
9302,
9372,
9382,
9392,
10260,
10273,
10289,
10294,
10302,
11016,
11155,
11171,
11185,
11195,
12280,
12288,
12296,
12304,
12305,
],
'p5.js:src/color/color_conversion.js':[
180,
],
'p5.js:src/color/p5.Color.js':[
623,
664,
678,
694,
710,
724,
740,
754,
770,
773,
],
'p5.js:src/core/error_helpers.js':[
71,
145,
149,
153,
157,
162,
166,
170,
176,
182,
183,
243,
305,
324,
348,
384,
497,
498,
505,
506,
521,
529,
],
'p5.js:src/core/main.js':[
182,
202,
576,
610,
650,
655,
708,
],
'p5.js:src/core/p5.Renderer.js':[
80,
81,
206,
],
'p5.js:src/core/p5.Renderer2D.js':[
262,
417,
751,
756,
],
'p5.js:src/core/shape/2d_primitives.js':[
96,
],
'p5.js:src/core/shim.js':[
34,
87,
],
'p5.js:src/core/structure.js':[
205,
207,
],
'p5.js:src/dom/dom.js':[
922,
2292,
2611,
2636,
],
'p5.js:src/events/mouse.js':[
480,
],
'p5.js:src/events/touch.js':[
67,
],
'p5.js:src/image/image.js':[
206,
],
'p5.js:src/image/loading_displaying.js':[
72,
195,
220,
],
'p5.js:src/image/p5.Image.js':[
661,
],
'p5.js:src/io/files.js':[
1121,
1122,
1792,
],
'p5.js:src/math/noise.js':[
303,
],
'p5.js:src/typography/p5.Font.js':[
132,
480,
622,
1044,
1086,
1090,
1094,
1098,
1099,
1105,
1110,
1115,
1119,
1128,
1139,
1159,
1182,
1198,
],
'p5.js:src/webgl/3d_primitives.js':[
157,
173,
386,
397,
402,
413,
1039,
1122,
1127,
1145,
1149,
1207,
1624,
1630,
1659,
1665,
1671,
],
'p5.js:src/webgl/light.js':[
164,
],
'p5.js:src/webgl/loading.js':[
194,
],
'p5.js:src/webgl/p5.Camera.js':[
632,
1188,
],
'p5.js:src/webgl/p5.RendererGL.Immediate.js':[
226,
],
'p5.js:src/webgl/p5.RendererGL.js':[
48,
148,
157,
162,
163,
164,
182,
187,
189,
190,
242,
820,
],
'p5.js:src/webgl/text.js':[
290,
606,
617,
],
'p5.js:tasks/build/browserify.js':[
35,
70,
],
'p5.js:tasks/build/combineModules.js':[
69,
100,
],
'p5.js:tasks/build/eslint-samples.js':[
15,
],
'p5.js:tasks/release/release-github.js':[
22,
43,
52,
57,
59,
73,
74,
],
'p5.js:tasks/release/release-p5.js':[
23,
27,
30,
31,
32,
37,
39,
40,
41,
],
'p5.js:tasks/test/mocha-chrome.js':[
18,
],
'p5.js:test/js/p5_helpers.js':[
58,
81,
],
'p5.js:test/js/sinon.js':[
457,
470,
482,
667,
819,
956,
973,
982,
1010,
1022,
1465,
1576,
1761,
2008,
2248,
2600,
2717,
3067,
3243,
3439,
3443,
3683,
3716,
3849,
3888,
3962,
3972,
4031,
4084,
4344,
4351,
4446,
4498,
4593,
4728,
4958,
4966,
5200,
5247,
5504,
5611,
5893,
5897,
],
'p5.js:test/manual-test-examples/addons/p5.sound/pan_soundfile/sketch.js':[
23,
],
'p5.js:test/manual-test-examples/addons/p5.sound/soundfile_playMode/sketch.js':[
13,
17,
],
'p5.js:test/manual-test-examples/p5.Font/custom/sketch.js':[
526,
],
'p5.js:test/manual-test-examples/p5.Font/svgpath/sketch.js':[
20,
],
'p5.js:test/manual-test-examples/tutorials/Integrating-other-libraries/0/buzz.js':[
29,
36,
356,
492,
727,
],
'p5.js:test/manual-test-examples/tutorials/Integrating-other-libraries/1/buzz.js':[
29,
36,
356,
492,
727,
],
'p5.js:test/manual-test-examples/tutorials/Integrating-other-libraries/2/buzz.js':[
29,
36,
356,
492,
727,
],
'p5.js:test/manual-test-examples/webgl/blendMode/sketch.js':[
27,
],
'p5.js:test/node/test-docs-preprocessor.js':[
18,
28,
36,
37,
39,
47,
60,
64,
65,
66,
67,
69,
77,
81,
83,
91,
95,
97,
110,
115,
116,
118,
127,
132,
133,
135,
],
'p5.js:test/reporter/simple.js':[
12,
],
'p5.js:test/unit/assets/array.js':[
6,
11,
16,
17,
],
'p5.js:test/unit/assets/object.js':[
5,
],
'p5.js:test/unit/core/error_helpers.js':[
42,
55,
],
'p5.js:test/unit/core/main.js':[
89,
126,
226,
],
'p5.js:test/unit/core/preload.js':[
19,
24,
46,
51,
71,
77,
95,
101,
119,
125,
169,
176,
177,
199,
206,
207,
225,
230,
237,
238,
259,
267,
268,
],
'p5.js:test/unit/core/structure.js':[
252,
],
'p5.js:test/unit/data/local_storage.js':[
45,
],
'p5.js:test/unit/dom/dom.js':[
112,
115,
],
'p5.js:test/unit/events/acceleration.js':[
17,
21,
29,
38,
],
'p5.js:test/unit/events/mouse.js':[
25,
31,
34,
37,
],
'p5.js:test/unit/events/touch.js':[
19,
25,
28,
31,
],
'p5.js:test/unit/image/loading.js':[
249,
],
'p5.js:test/unit/spec.js':[
16,
31,
44,
45,
54,
],
'p5.js:test/unit/typography/p5.Font.js':[
50,
],
'p5.js:test/unit/webgl/light.js':[
43,
],
'p5.js:test/unit/webgl/p5.Camera.js':[
17,
79,
238,
317,
330,
355,
368,
394,
407,
420,
433,
446,
459,
526,
562,
600,
],
'p5.js:test/unit/webgl/p5.Shader.js':[
98,
114,
131,
147,
],
'p5.js:utils/sample-linter.js':[
53,
82,
90,
91,
107,
126,
191,
192,
193,
202,
],
}
