{
'p5.js:docs/yuidoc-p5-theme/assets/js/reference.js':[
1141,
],
'p5.js:lib/addons/p5.sound.js':[
1283,
],
'p5.js:src/core/p5.Renderer2D.js':[
1196,
],
'p5.js:src/dom/dom.js':[
2911,
],
'p5.js:src/webgl/3d_primitives.js':[
1658,
],
'p5.js:test/js/sinon.js':[
1442,
],
}
