{
'moose:main/background.ts':[
108,
],
'moose:renderer/contexts/SelectedCast.ts':[
11,
],
'moose:renderer/contexts/SelectedFileContext.ts':[
13,
],
'moose:renderer/utils/animations.ts':[
23,
],
}
